18:54:08 **** Incremental Build of configuration Debug for project Uart ****
make -j4 all 
arm-none-eabi-gcc "../Core/Src/main.c" -mcpu=cortex-m7 -std=gnu11 -g3 -DDEBUG -DUSE_HAL_DRIVER -DSTM32F767xx -c -I../Core/Inc -I../Drivers/STM32F7xx_HAL_Driver/Inc -I../Drivers/STM32F7xx_HAL_Driver/Inc/Legacy -I../Drivers/CMSIS/Device/ST/STM32F7xx/Include -I../Drivers/CMSIS/Include -O0 -ffunction-sections -fdata-sections -Wall -fstack-usage -MMD -MP -MF"Core/Src/main.d" -MT"Core/Src/main.o" --specs=nano.specs -mfpu=fpv5-d16 -mfloat-abi=hard -mthumb -o "Core/Src/main.o"
arm-none-eabi-gcc -o "Uart.elf" @"objects.list"   -mcpu=cortex-m7 -T"C:\Users\Juan Reyes\Desktop\U\DMIC\workspace\Uart\STM32F767ZITX_FLASH.ld" --specs=nosys.specs -Wl,-Map="Uart.map" -Wl,--gc-sections -static --specs=nano.specs -mfpu=fpv5-d16 -mfloat-abi=hard -mthumb -Wl,--start-group -lc -lm -Wl,--end-group
Finished building target: Uart.elf
 
arm-none-eabi-size   Uart.elf 
arm-none-eabi-objdump -h -S  Uart.elf  > "Uart.list"
   text	   data	    bss	    dec	    hex	filename
  12208	     20	   1708	  13936	   3670	Uart.elf
Finished building: default.size.stdout
 
Finished building: Uart.list
 
18:54:12 **** Incremental Build of configuration Debug for project Uart ****
make -j4 all 
arm-none-eabi-size   Uart.elf 
   text	   data	    bss	    dec	    hex	filename
  12208	     20	   1708	  13936	   3670	Uart.elf
Finished building: default.size.stdout
 
18:56:04 **** Incremental Build of configuration Debug for project Uart ****
make -j4 all 
arm-none-eabi-gcc "../Core/Src/main.c" -mcpu=cortex-m7 -std=gnu11 -g3 -DDEBUG -DUSE_HAL_DRIVER -DSTM32F767xx -c -I../Core/Inc -I../Drivers/STM32F7xx_HAL_Driver/Inc -I../Drivers/STM32F7xx_HAL_Driver/Inc/Legacy -I../Drivers/CMSIS/Device/ST/STM32F7xx/Include -I../Drivers/CMSIS/Include -O0 -ffunction-sections -fdata-sections -Wall -fstack-usage -MMD -MP -MF"Core/Src/main.d" -MT"Core/Src/main.o" --specs=nano.specs -mfpu=fpv5-d16 -mfloat-abi=hard -mthumb -o "Core/Src/main.o"
arm-none-eabi-gcc -o "Uart.elf" @"objects.list"   -mcpu=cortex-m7 -T"C:\Users\Juan Reyes\Desktop\U\DMIC\workspace\Uart\STM32F767ZITX_FLASH.ld" --specs=nosys.specs -Wl,-Map="Uart.map" -Wl,--gc-sections -static --specs=nano.specs -mfpu=fpv5-d16 -mfloat-abi=hard -mthumb -Wl,--start-group -lc -lm -Wl,--end-group
Finished building target: Uart.elf
 
arm-none-eabi-size   Uart.elf 
arm-none-eabi-objdump -h -S  Uart.elf  > "Uart.list"
   text	   data	    bss	    dec	    hex	filename
  12280	     20	   1708	  14008	   36b8	Uart.elf
Finished building: default.size.stdout
 
Finished building: Uart.list
 
