Archive member included to satisfy reference by file (symbol)

c:/st/stm32cubeide_1.10.1/stm32cubeide/plugins/com.st.stm32cube.ide.mcu.externaltools.gnu-tools-for-stm32.10.3-2021.10.win32_1.0.0.202111181127/tools/bin/../lib/gcc/arm-none-eabi/10.3.1/../../../../arm-none-eabi/lib/thumb/v7e-m+dp/hard\libc.a(lib_a-atoi.o)
                              ./Core/Src/main.o (atoi)
c:/st/stm32cubeide_1.10.1/stm32cubeide/plugins/com.st.stm32cube.ide.mcu.externaltools.gnu-tools-for-stm32.10.3-2021.10.win32_1.0.0.202111181127/tools/bin/../lib/gcc/arm-none-eabi/10.3.1/../../../../arm-none-eabi/lib/thumb/v7e-m+dp/hard\libc.a(lib_a-errno.o)
                              ./Core/Src/retarget.o (__errno)
c:/st/stm32cubeide_1.10.1/stm32cubeide/plugins/com.st.stm32cube.ide.mcu.externaltools.gnu-tools-for-stm32.10.3-2021.10.win32_1.0.0.202111181127/tools/bin/../lib/gcc/arm-none-eabi/10.3.1/../../../../arm-none-eabi/lib/thumb/v7e-m+dp/hard\libc.a(lib_a-exit.o)
                              c:/st/stm32cubeide_1.10.1/stm32cubeide/plugins/com.st.stm32cube.ide.mcu.externaltools.gnu-tools-for-stm32.10.3-2021.10.win32_1.0.0.202111181127/tools/bin/../lib/gcc/arm-none-eabi/10.3.1/../../../../arm-none-eabi/lib/thumb/v7e-m+dp/hard/crt0.o (exit)
c:/st/stm32cubeide_1.10.1/stm32cubeide/plugins/com.st.stm32cube.ide.mcu.externaltools.gnu-tools-for-stm32.10.3-2021.10.win32_1.0.0.202111181127/tools/bin/../lib/gcc/arm-none-eabi/10.3.1/../../../../arm-none-eabi/lib/thumb/v7e-m+dp/hard\libc.a(lib_a-impure.o)
                              c:/st/stm32cubeide_1.10.1/stm32cubeide/plugins/com.st.stm32cube.ide.mcu.externaltools.gnu-tools-for-stm32.10.3-2021.10.win32_1.0.0.202111181127/tools/bin/../lib/gcc/arm-none-eabi/10.3.1/../../../../arm-none-eabi/lib/thumb/v7e-m+dp/hard\libc.a(lib_a-exit.o) (_global_impure_ptr)
c:/st/stm32cubeide_1.10.1/stm32cubeide/plugins/com.st.stm32cube.ide.mcu.externaltools.gnu-tools-for-stm32.10.3-2021.10.win32_1.0.0.202111181127/tools/bin/../lib/gcc/arm-none-eabi/10.3.1/../../../../arm-none-eabi/lib/thumb/v7e-m+dp/hard\libc.a(lib_a-init.o)
                              c:/st/stm32cubeide_1.10.1/stm32cubeide/plugins/com.st.stm32cube.ide.mcu.externaltools.gnu-tools-for-stm32.10.3-2021.10.win32_1.0.0.202111181127/tools/bin/../lib/gcc/arm-none-eabi/10.3.1/../../../../arm-none-eabi/lib/thumb/v7e-m+dp/hard/crt0.o (__libc_init_array)
c:/st/stm32cubeide_1.10.1/stm32cubeide/plugins/com.st.stm32cube.ide.mcu.externaltools.gnu-tools-for-stm32.10.3-2021.10.win32_1.0.0.202111181127/tools/bin/../lib/gcc/arm-none-eabi/10.3.1/../../../../arm-none-eabi/lib/thumb/v7e-m+dp/hard\libc.a(lib_a-itoa.o)
                              ./Core/Src/main.o (itoa)
c:/st/stm32cubeide_1.10.1/stm32cubeide/plugins/com.st.stm32cube.ide.mcu.externaltools.gnu-tools-for-stm32.10.3-2021.10.win32_1.0.0.202111181127/tools/bin/../lib/gcc/arm-none-eabi/10.3.1/../../../../arm-none-eabi/lib/thumb/v7e-m+dp/hard\libc.a(lib_a-memcmp.o)
                              ./Core/Src/main.o (memcmp)
c:/st/stm32cubeide_1.10.1/stm32cubeide/plugins/com.st.stm32cube.ide.mcu.externaltools.gnu-tools-for-stm32.10.3-2021.10.win32_1.0.0.202111181127/tools/bin/../lib/gcc/arm-none-eabi/10.3.1/../../../../arm-none-eabi/lib/thumb/v7e-m+dp/hard\libc.a(lib_a-memset.o)
                              c:/st/stm32cubeide_1.10.1/stm32cubeide/plugins/com.st.stm32cube.ide.mcu.externaltools.gnu-tools-for-stm32.10.3-2021.10.win32_1.0.0.202111181127/tools/bin/../lib/gcc/arm-none-eabi/10.3.1/../../../../arm-none-eabi/lib/thumb/v7e-m+dp/hard/crt0.o (memset)
c:/st/stm32cubeide_1.10.1/stm32cubeide/plugins/com.st.stm32cube.ide.mcu.externaltools.gnu-tools-for-stm32.10.3-2021.10.win32_1.0.0.202111181127/tools/bin/../lib/gcc/arm-none-eabi/10.3.1/../../../../arm-none-eabi/lib/thumb/v7e-m+dp/hard\libc.a(lib_a-printf.o)
                              ./Core/Src/funciones.o (printf)
c:/st/stm32cubeide_1.10.1/stm32cubeide/plugins/com.st.stm32cube.ide.mcu.externaltools.gnu-tools-for-stm32.10.3-2021.10.win32_1.0.0.202111181127/tools/bin/../lib/gcc/arm-none-eabi/10.3.1/../../../../arm-none-eabi/lib/thumb/v7e-m+dp/hard\libc.a(lib_a-puts.o)
                              ./Core/Src/funciones.o (puts)
c:/st/stm32cubeide_1.10.1/stm32cubeide/plugins/com.st.stm32cube.ide.mcu.externaltools.gnu-tools-for-stm32.10.3-2021.10.win32_1.0.0.202111181127/tools/bin/../lib/gcc/arm-none-eabi/10.3.1/../../../../arm-none-eabi/lib/thumb/v7e-m+dp/hard\libc.a(lib_a-scanf.o)
                              ./Core/Src/main.o (scanf)
c:/st/stm32cubeide_1.10.1/stm32cubeide/plugins/com.st.stm32cube.ide.mcu.externaltools.gnu-tools-for-stm32.10.3-2021.10.win32_1.0.0.202111181127/tools/bin/../lib/gcc/arm-none-eabi/10.3.1/../../../../arm-none-eabi/lib/thumb/v7e-m+dp/hard\libc.a(lib_a-setvbuf.o)
                              ./Core/Src/retarget.o (setvbuf)
[...]
Memory Configuration

Name             Origin             Length             Attributes
RAM              0x0000000020000000 0x0000000000080000 xrw
FLASH            0x0000000008000000 0x0000000000200000 xr
*default*        0x0000000000000000 0xffffffffffffffff

Linker script and memory map

LOAD c:/st/stm32cubeide_1.10.1/stm32cubeide/plugins/com.st.stm32cube.ide.mcu.externaltools.gnu-tools-for-stm32.10.3-2021.10.win32_1.0.0.202111181127/tools/bin/../lib/gcc/arm-none-eabi/10.3.1/thumb/v7e-m+dp/hard/crti.o
LOAD c:/st/stm32cubeide_1.10.1/stm32cubeide/plugins/com.st.stm32cube.ide.mcu.externaltools.gnu-tools-for-stm32.10.3-2021.10.win32_1.0.0.202111181127/tools/bin/../lib/gcc/arm-none-eabi/10.3.1/thumb/v7e-m+dp/hard/crtbegin.o
LOAD c:/st/stm32cubeide_1.10.1/stm32cubeide/plugins/com.st.stm32cube.ide.mcu.externaltools.gnu-tools-for-stm32.10.3-2021.10.win32_1.0.0.202111181127/tools/bin/../lib/gcc/arm-none-eabi/10.3.1/../../../../arm-none-eabi/lib/thumb/v7e-m+dp/hard/crt0.o
LOAD ./Core/Src/funciones.o
LOAD ./Core/Src/main.o
LOAD ./Core/Src/retarget.o
LOAD ./Core/Src/stm32f7xx_hal_msp.o
LOAD ./Core/Src/stm32f7xx_it.o
LOAD ./Core/Src/sysmem.o
LOAD ./Core/Src/system_stm32f7xx.o
LOAD ./Core/Startup/startup_stm32f767zitx.o
LOAD ./Drivers/STM32F7xx_HAL_Driver/Src/stm32f7xx_hal.o
LOAD ./Drivers/STM32F7xx_HAL_Driver/Src/stm32f7xx_hal_cortex.o
LOAD ./Drivers/STM32F7xx_HAL_Driver/Src/stm32f7xx_hal_dma.o
LOAD ./Drivers/STM32F7xx_HAL_Driver/Src/stm32f7xx_hal_dma_ex.o
LOAD ./Drivers/STM32F7xx_HAL_Driver/Src/stm32f7xx_hal_exti.o
LOAD ./Drivers/STM32F7xx_HAL_Driver/Src/stm32f7xx_hal_flash.o
LOAD ./Drivers/STM32F7xx_HAL_Driver/Src/stm32f7xx_hal_flash_ex.o
LOAD ./Drivers/STM32F7xx_HAL_Driver/Src/stm32f7xx_hal_gpio.o
LOAD ./Drivers/STM32F7xx_HAL_Driver/Src/stm32f7xx_hal_i2c.o
LOAD ./Drivers/STM32F7xx_HAL_Driver/Src/stm32f7xx_hal_i2c_ex.o
LOAD ./Drivers/STM32F7xx_HAL_Driver/Src/stm32f7xx_hal_pwr.o
LOAD ./Drivers/STM32F7xx_HAL_Driver/Src/stm32f7xx_hal_pwr_ex.o
LOAD ./Drivers/STM32F7xx_HAL_Driver/Src/stm32f7xx_hal_rcc.o
LOAD ./Drivers/STM32F7xx_HAL_Driver/Src/stm32f7xx_hal_rcc_ex.o
LOAD ./Drivers/STM32F7xx_HAL_Driver/Src/stm32f7xx_hal_tim.o
LOAD ./Drivers/STM32F7xx_HAL_Driver/Src/stm32f7xx_hal_tim_ex.o
LOAD ./Drivers/STM32F7xx_HAL_Driver/Src/stm32f7xx_hal_uart.o
LOAD ./Drivers/STM32F7xx_HAL_Driver/Src/stm32f7xx_hal_uart_ex.o
START GROUP
LOAD c:/st/stm32cubeide_1.10.1/stm32cubeide/plugins/com.st.stm32cube.ide.mcu.externaltools.gnu-tools-for-stm32.10.3-2021.10.win32_1.0.0.202111181127/tools/bin/../lib/gcc/arm-none-eabi/10.3.1/../../../../arm-none-eabi/lib/thumb/v7e-m+dp/hard\libc.a
LOAD c:/st/stm32cubeide_1.10.1/stm32cubeide/plugins/com.st.stm32cube.ide.mcu.externaltools.gnu-tools-for-stm32.10.3-2021.10.win32_1.0.0.202111181127/tools/bin/../lib/gcc/arm-none-eabi/10.3.1/../../../../arm-none-eabi/lib/thumb/v7e-m+dp/hard\libm.a
END GROUP
START GROUP
LOAD c:/st/stm32cubeide_1.10.1/stm32cubeide/plugins/com.st.stm32cube.ide.mcu.externaltools.gnu-tools-for-stm32.10.3-2021.10.win32_1.0.0.202111181127/tools/bin/../lib/gcc/arm-none-eabi/10.3.1/thumb/v7e-m+dp/hard\libgcc.a
LOAD c:/st/stm32cubeide_1.10.1/stm32cubeide/plugins/com.st.stm32cube.ide.mcu.externaltools.gnu-tools-for-stm32.10.3-2021.10.win32_1.0.0.202111181127/tools/bin/../lib/gcc/arm-none-eabi/10.3.1/../../../../arm-none-eabi/lib/thumb/v7e-m+dp/hard\libc.a
END GROUP
START GROUP
LOAD c:/st/stm32cubeide_1.10.1/stm32cubeide/plugins/com.st.stm32cube.ide.mcu.externaltools.gnu-tools-for-stm32.10.3-2021.10.win32_1.0.0.202111181127/tools/bin/../lib/gcc/arm-none-eabi/10.3.1/thumb/v7e-m+dp/hard\libgcc.a
LOAD c:/st/stm32cubeide_1.10.1/stm32cubeide/plugins/com.st.stm32cube.ide.mcu.externaltools.gnu-tools-for-stm32.10.3-2021.10.win32_1.0.0.202111181127/tools/bin/../lib/gcc/arm-none-eabi/10.3.1/../../../../arm-none-eabi/lib/thumb/v7e-m+dp/hard\libc.a
LOAD c:/st/stm32cubeide_1.10.1/stm32cubeide/plugins/com.st.stm32cube.ide.mcu.externaltools.gnu-tools-for-stm32.10.3-2021.10.win32_1.0.0.202111181127/tools/bin/../lib/gcc/arm-none-eabi/10.3.1/../../../../arm-none-eabi/lib/thumb/v7e-m+dp/hard\libnosys.a
END GROUP
LOAD c:/st/stm32cubeide_1.10.1/stm32cubeide/plugins/com.st.stm32cube.ide.mcu.externaltools.gnu-tools-for-stm32.10.3-2021.10.win32_1.0.0.202111181127/tools/bin/../lib/gcc/arm-none-eabi/10.3.1/thumb/v7e-m+dp/hard/crtend.o
LOAD c:/st/stm32cubeide_1.10.1/stm32cubeide/plugins/com.st.stm32cube.ide.mcu.externaltools.gnu-tools-for-stm32.10.3-2021.10.win32_1.0.0.202111181127/tools/bin/../lib/gcc/arm-none-eabi/10.3.1/thumb/v7e-m+dp/hard/crtn.o
                0x0000000020080000                _estack = (ORIGIN (RAM) + LENGTH (RAM))
                0x0000000000000200                _Min_Heap_Size = 0x200
                0x0000000000000400                _Min_Stack_Size = 0x400

.isr_vector     0x0000000008000000      0x1f8
                0x0000000008000000                . = ALIGN (0x4)
 *(.isr_vector)
 .isr_vector    0x0000000008000000      0x1f8 ./Core/Startup/startup_stm32f767zitx.o
                0x0000000008000000                g_pfnVectors
                0x00000000080001f8                . = ALIGN (0x4)

.text           0x0000000008000200     0xfcdc
                0x0000000008000200                . = ALIGN (0x4)
 *(.text)
 .text          0x0000000008000200       0x40 c:/st/stm32cubeide_1.10.1/stm32cubeide/plugins/com.st.stm32cube.ide.mcu.externaltools.gnu-tools-for-stm32.10.3-2021.10.win32_1.0.0.202111181127/tools/bin/../lib/gcc/arm-none-eabi/10.3.1/thumb/v7e-m+dp/hard/crtbegin.o
 .text          0x0000000008000240       0x10 c:/st/stm32cubeide_1.10.1/stm32cubeide/plugins/com.st.stm32cube.ide.mcu.externaltools.gnu-tools-for-stm32.10.3-2021.10.win32_1.0.0.202111181127/tools/bin/../lib/gcc/arm-none-eabi/10.3.1/../../../../arm-none-eabi/lib/thumb/v7e-m+dp/hard\libc.a(lib_a-strlen.o)
                0x0000000008000240                strlen
 .text          0x0000000008000250       0xa0 c:/st/stm32cubeide_1.10.1/stm32cubeide/plugins/com.st.stm32cube.ide.mcu.externaltools.gnu-tools-for-stm32.10.3-2021.10.win32_1.0.0.202111181127/tools/bin/../lib/gcc/arm-none-eabi/10.3.1/../../../../arm-none-eabi/lib/thumb/v7e-m+dp/hard\libc.a(lib_a-memchr.o)
                0x0000000008000250                memchr
 .text          0x00000000080002f0      0x378 c:/st/stm32cubeide_1.10.1/stm32cubeide/plugins/com.st.stm32cube.ide.mcu.externaltools.gnu-tools-for-stm32.10.3-2021.10.win32_1.0.0.202111181127/tools/bin/../lib/gcc/arm-none-eabi/10.3.1/thumb/v7e-m+dp/hard\libgcc.a(_arm_addsubdf3.o)
                0x00000000080002f0                __aeabi_drsub
                0x00000000080002f8                __aeabi_dsub
                0x00000000080002f8                __subdf3
                0x00000000080002fc                __aeabi_dadd
                0x00000000080002fc                __adddf3
                0x0000000008000574                __floatunsidf
                0x0000000008000574                __aeabi_ui2d
                0x0000000008000594                __floatsidf
                0x0000000008000594                __aeabi_i2d
                0x00000000080005b8                __aeabi_f2d
                0x00000000080005b8                __extendsfdf2
                0x00000000080005fc                __floatundidf
                0x00000000080005fc                __aeabi_ul2d
                0x000000000800060c                __floatdidf
                0x000000000800060c                __aeabi_l2d
 .text          0x0000000008000668       0x30 c:/st/stm32cubeide_1.10.1/stm32cubeide/plugins/com.st.stm32cube.ide.mcu.externaltools.gnu-tools-for-stm32.10.3-2021.10.win32_1.0.0.202111181127/tools/bin/../lib/gcc/arm-none-eabi/10.3.1/thumb/v7e-m+dp/hard\libgcc.a(_aeabi_uldivmod.o)
                0x0000000008000668                __aeabi_uldivmod
 .text          0x0000000008000698       0x30 c:/st/stm32cubeide_1.10.1/stm32cubeide/plugins/com.st.stm32cube.ide.mcu.externaltools.gnu-tools-for-stm32.10.3-2021.10.win32_1.0.0.202111181127/tools/bin/../lib/gcc/arm-none-eabi/10.3.1/thumb/v7e-m+dp/hard\libgcc.a(_fixdfdi.o)
                0x0000000008000698                __fixdfdi
                0x0000000008000698                __aeabi_d2lz
 .text          0x00000000080006c8       0x40 c:/st/stm32cubeide_1.10.1/stm32cubeide/plugins/com.st.stm32cube.ide.mcu.externaltools.gnu-tools-for-stm32.10.3-2021.10.win32_1.0.0.202111181127/tools/bin/../lib/gcc/arm-none-eabi/10.3.1/thumb/v7e-m+dp/hard\libgcc.a(_fixunsdfdi.o)
                0x00000000080006c8                __fixunsdfdi
                0x00000000080006c8                __aeabi_d2ulz
 .text          0x0000000008000708      0x2d0 c:/st/stm32cubeide_1.10.1/stm32cubeide/plugins/com.st.stm32cube.ide.mcu.externaltools.gnu-tools-for-stm32.10.3-2021.10.win32_1.0.0.202111181127/tools/bin/../lib/gcc/arm-none-eabi/10.3.1/thumb/v7e-m+dp/hard\libgcc.a(_udivmoddi4.o)
                0x0000000008000708                __udivmoddi4
 .text          0x00000000080009d8        0x4 c:/st/stm32cubeide_1.10.1/stm32cubeide/plugins/com.st.stm32cube.ide.mcu.externaltools.gnu-tools-for-stm32.10.3-2021.10.win32_1.0.0.202111181127/tools/bin/../lib/gcc/arm-none-eabi/10.3.1/thumb/v7e-m+dp/hard\libgcc.a(_dvmd_tls.o)
                0x00000000080009d8                __aeabi_idiv0
                0x00000000080009d8                __aeabi_ldiv0
 *(.text*)
 .text.Saludo   0x00000000080009dc       0x84 ./Core/Src/funciones.o
                0x00000000080009dc                Saludo
 .text.Help     0x0000000008000a60       0x64 ./Core/Src/funciones.o
                0x0000000008000a60                Help
 .text.H_Ledc   0x0000000008000ac4       0x3c ./Core/Src/funciones.o
                0x0000000008000ac4                H_Ledc
 .text.H_Time   0x0000000008000b00       0x30 ./Core/Src/funciones.o
                0x0000000008000b00                H_Time
 .text.H_Temp   0x0000000008000b30       0x30 ./Core/Src/funciones.o
                0x0000000008000b30                H_Temp
 .text.H_Rege   0x0000000008000b60       0x44 ./Core/Src/funciones.o
                0x0000000008000b60                H_Rege
 .text.H_Prin   0x0000000008000ba4       0x44 ./Core/Src/funciones.o
                0x0000000008000ba4                H_Prin
 .text.H_Lfsr   0x0000000008000be8       0x44 ./Core/Src/funciones.o
                0x0000000008000be8                H_Lfsr
 .text.Lfsr     0x0000000008000c2c      0xaf8 ./Core/Src/main.o
                0x0000000008000c2c                Lfsr
 .text.Temp     0x0000000008001724      0x110 ./Core/Src/main.o
                0x0000000008001724                Temp
 .text.main     0x0000000008001834      0x6bc ./Core/Src/main.o
                0x0000000008001834                main
 .text.SystemClock_Config
                0x0000000008001ef0       0xe0 ./Core/Src/main.o
                0x0000000008001ef0                SystemClock_Config
 .text.MX_I2C1_Init
                0x0000000008001fd0       0x80 ./Core/Src/main.o
 .text.MX_TIM2_Init
                0x0000000008002050       0x9c ./Core/Src/main.o
 .text.MX_USART3_UART_Init
                0x00000000080020ec       0x60 ./Core/Src/main.o
 .text.MX_GPIO_Init
                0x000000000800214c       0xcc ./Core/Src/main.o
 .text.Error_Handler
                0x0000000008002218        0xa ./Core/Src/main.o
                0x0000000008002218                Error_Handler
 *fill*         0x0000000008002222        0x2 
 .text.RetargetInit
                0x0000000008002224       0x30 ./Core/Src/retarget.o
                0x0000000008002224                RetargetInit
 .text._isatty  0x0000000008002254       0x2c ./Core/Src/retarget.o
                0x0000000008002254                _isatty
 .text._write   0x0000000008002280       0x58 ./Core/Src/retarget.o
                0x0000000008002280                _write
 .text._close   0x00000000080022d8       0x2e ./Core/Src/retarget.o
                0x00000000080022d8                _close
 .text._lseek   0x0000000008002306       0x22 ./Core/Src/retarget.o
                0x0000000008002306                _lseek
 .text._read    0x0000000008002328       0x50 ./Core/Src/retarget.o
                0x0000000008002328                _read
 .text._fstat   0x0000000008002378       0x36 ./Core/Src/retarget.o
                0x0000000008002378                _fstat
 *fill*         0x00000000080023ae        0x2 
 .text.HAL_MspInit
                0x00000000080023b0       0x48 ./Core/Src/stm32f7xx_hal_msp.o
                0x00000000080023b0                HAL_MspInit
 .text.HAL_I2C_MspInit
                0x00000000080023f8       0xc0 ./Core/Src/stm32f7xx_hal_msp.o
                0x00000000080023f8                HAL_I2C_MspInit
 .text.HAL_TIM_Base_MspInit
                0x00000000080024b8       0x3c ./Core/Src/stm32f7xx_hal_msp.o
                0x00000000080024b8                HAL_TIM_Base_MspInit
 .text.HAL_UART_MspInit
                0x00000000080024f4       0xd0 ./Core/Src/stm32f7xx_hal_msp.o
                0x00000000080024f4                HAL_UART_MspInit
 .text.NMI_Handler
                0x00000000080025c4        0x6 ./Core/Src/stm32f7xx_it.o
                0x00000000080025c4                NMI_Handler
 .text.HardFault_Handler
                0x00000000080025ca        0x6 ./Core/Src/stm32f7xx_it.o
                0x00000000080025ca                HardFault_Handler
 .text.MemManage_Handler
                0x00000000080025d0        0x6 ./Core/Src/stm32f7xx_it.o
                0x00000000080025d0                MemManage_Handler
 .text.BusFault_Handler
                0x00000000080025d6        0x6 ./Core/Src/stm32f7xx_it.o
                0x00000000080025d6                BusFault_Handler
 .text.UsageFault_Handler
                0x00000000080025dc        0x6 ./Core/Src/stm32f7xx_it.o
                0x00000000080025dc                UsageFault_Handler
 .text.SVC_Handler
                0x00000000080025e2        0xe ./Core/Src/stm32f7xx_it.o
                0x00000000080025e2                SVC_Handler
 .text.DebugMon_Handler
                0x00000000080025f0        0xe ./Core/Src/stm32f7xx_it.o
                0x00000000080025f0                DebugMon_Handler
 .text.PendSV_Handler
                0x00000000080025fe        0xe ./Core/Src/stm32f7xx_it.o
                0x00000000080025fe                PendSV_Handler
 .text.SysTick_Handler
                0x000000000800260c        0xc ./Core/Src/stm32f7xx_it.o
                0x000000000800260c                SysTick_Handler
 .text.USART3_IRQHandler
                0x0000000008002618       0x14 ./Core/Src/stm32f7xx_it.o
                0x0000000008002618                USART3_IRQHandler
 .text._sbrk    0x000000000800262c       0x6c ./Core/Src/sysmem.o
                0x000000000800262c                _sbrk
 .text.SystemInit
                0x0000000008002698       0x24 ./Core/Src/system_stm32f7xx.o
                0x0000000008002698                SystemInit
 .text.Reset_Handler
                0x00000000080026bc       0x50 ./Core/Startup/startup_stm32f767zitx.o
                0x00000000080026bc                Reset_Handler
 .text.Default_Handler
                0x000000000800270c        0x2 ./Core/Startup/startup_stm32f767zitx.o
                0x000000000800270c                RTC_Alarm_IRQHandler
                0x000000000800270c                EXTI2_IRQHandler
                0x000000000800270c                TIM8_CC_IRQHandler
                0x000000000800270c                UART8_IRQHandler
                0x000000000800270c                SPI4_IRQHandler
                0x000000000800270c                TIM1_CC_IRQHandler
                0x000000000800270c                DMA2_Stream5_IRQHandler
                0x000000000800270c                JPEG_IRQHandler
                0x000000000800270c                DMA1_Stream5_IRQHandler
                0x000000000800270c                CAN3_RX1_IRQHandler
                0x000000000800270c                PVD_IRQHandler
                0x000000000800270c                TAMP_STAMP_IRQHandler
                0x000000000800270c                CAN2_RX1_IRQHandler
                0x000000000800270c                EXTI3_IRQHandler
                0x000000000800270c                TIM8_TRG_COM_TIM14_IRQHandler
                0x000000000800270c                DFSDM1_FLT1_IRQHandler
                0x000000000800270c                TIM1_UP_TIM10_IRQHandler
                0x000000000800270c                TIM8_UP_TIM13_IRQHandler
                0x000000000800270c                I2C3_ER_IRQHandler
                0x000000000800270c                DFSDM1_FLT2_IRQHandler
                0x000000000800270c                EXTI0_IRQHandler
                0x000000000800270c                I2C2_EV_IRQHandler
                0x000000000800270c                DMA1_Stream2_IRQHandler
                0x000000000800270c                CAN1_RX0_IRQHandler
                0x000000000800270c                FPU_IRQHandler
                0x000000000800270c                OTG_HS_WKUP_IRQHandler
                0x000000000800270c                CAN3_SCE_IRQHandler
                0x000000000800270c                LTDC_ER_IRQHandler
                0x000000000800270c                CAN2_SCE_IRQHandler
                0x000000000800270c                DMA2_Stream2_IRQHandler
                0x000000000800270c                SPI1_IRQHandler
                0x000000000800270c                TIM6_DAC_IRQHandler
                0x000000000800270c                TIM1_BRK_TIM9_IRQHandler
                0x000000000800270c                DCMI_IRQHandler
                0x000000000800270c                CAN2_RX0_IRQHandler
                0x000000000800270c                DMA2_Stream3_IRQHandler
                0x000000000800270c                SAI2_IRQHandler
                0x000000000800270c                DFSDM1_FLT3_IRQHandler
                0x000000000800270c                USART6_IRQHandler
                0x000000000800270c                CAN3_RX0_IRQHandler
                0x000000000800270c                CAN1_RX1_IRQHandler
                0x000000000800270c                UART5_IRQHandler
                0x000000000800270c                DMA2_Stream0_IRQHandler
                0x000000000800270c                TIM4_IRQHandler
                0x000000000800270c                QUADSPI_IRQHandler
                0x000000000800270c                I2C1_EV_IRQHandler
                0x000000000800270c                DMA1_Stream6_IRQHandler
                0x000000000800270c                DMA1_Stream1_IRQHandler
                0x000000000800270c                UART4_IRQHandler
                0x000000000800270c                TIM3_IRQHandler
                0x000000000800270c                RCC_IRQHandler
                0x000000000800270c                TIM8_BRK_TIM12_IRQHandler
                0x000000000800270c                Default_Handler
                0x000000000800270c                CEC_IRQHandler
                0x000000000800270c                EXTI15_10_IRQHandler
                0x000000000800270c                ADC_IRQHandler
                0x000000000800270c                DMA1_Stream7_IRQHandler
                0x000000000800270c                SPI5_IRQHandler
                0x000000000800270c                TIM7_IRQHandler
                0x000000000800270c                SDMMC1_IRQHandler
                0x000000000800270c                CAN2_TX_IRQHandler
                0x000000000800270c                TIM5_IRQHandler
                0x000000000800270c                DMA2_Stream7_IRQHandler
                0x000000000800270c                I2C3_EV_IRQHandler
                0x000000000800270c                EXTI9_5_IRQHandler
                0x000000000800270c                RTC_WKUP_IRQHandler
                0x000000000800270c                LTDC_IRQHandler
                0x000000000800270c                ETH_WKUP_IRQHandler
                0x000000000800270c                SPDIF_RX_IRQHandler
                0x000000000800270c                SPI2_IRQHandler
                0x000000000800270c                OTG_HS_EP1_IN_IRQHandler
                0x000000000800270c                DMA1_Stream0_IRQHandler
                0x000000000800270c                CAN1_TX_IRQHandler
                0x000000000800270c                EXTI4_IRQHandler
                0x000000000800270c                RNG_IRQHandler
                0x000000000800270c                ETH_IRQHandler
                0x000000000800270c                OTG_HS_EP1_OUT_IRQHandler
                0x000000000800270c                WWDG_IRQHandler
                0x000000000800270c                SPI6_IRQHandler
                0x000000000800270c                MDIOS_IRQHandler
                0x000000000800270c                I2C4_EV_IRQHandler
                0x000000000800270c                CAN3_TX_IRQHandler
                0x000000000800270c                TIM2_IRQHandler
                0x000000000800270c                OTG_FS_WKUP_IRQHandler
                0x000000000800270c                TIM1_TRG_COM_TIM11_IRQHandler
                0x000000000800270c                OTG_HS_IRQHandler
                0x000000000800270c                DMA2D_IRQHandler
                0x000000000800270c                EXTI1_IRQHandler
                0x000000000800270c                SDMMC2_IRQHandler
                0x000000000800270c                UART7_IRQHandler
                0x000000000800270c                USART2_IRQHandler
                0x000000000800270c                DFSDM1_FLT0_IRQHandler
                0x000000000800270c                I2C2_ER_IRQHandler
                0x000000000800270c                DMA2_Stream1_IRQHandler
                0x000000000800270c                CAN1_SCE_IRQHandler
                0x000000000800270c                FLASH_IRQHandler
                0x000000000800270c                DMA2_Stream4_IRQHandler
                0x000000000800270c                USART1_IRQHandler
                0x000000000800270c                OTG_FS_IRQHandler
                0x000000000800270c                SPI3_IRQHandler
                0x000000000800270c                DMA1_Stream4_IRQHandler
                0x000000000800270c                I2C1_ER_IRQHandler
                0x000000000800270c                FMC_IRQHandler
                0x000000000800270c                LPTIM1_IRQHandler
                0x000000000800270c                I2C4_ER_IRQHandler
                0x000000000800270c                DMA2_Stream6_IRQHandler
                0x000000000800270c                SAI1_IRQHandler
                0x000000000800270c                DMA1_Stream3_IRQHandler
 .text.HAL_Init
                0x000000000800270e       0x1a ./Drivers/STM32F7xx_HAL_Driver/Src/stm32f7xx_hal.o
                0x000000000800270e                HAL_Init
 .text.HAL_InitTick
                0x0000000008002728       0x60 ./Drivers/STM32F7xx_HAL_Driver/Src/stm32f7xx_hal.o
                0x0000000008002728                HAL_InitTick
 .text.HAL_IncTick
                0x0000000008002788       0x28 ./Drivers/STM32F7xx_HAL_Driver/Src/stm32f7xx_hal.o
                0x0000000008002788                HAL_IncTick
 .text.HAL_GetTick
                0x00000000080027b0       0x18 ./Drivers/STM32F7xx_HAL_Driver/Src/stm32f7xx_hal.o
                0x00000000080027b0                HAL_GetTick
 .text.HAL_Delay
                0x00000000080027c8       0x48 ./Drivers/STM32F7xx_HAL_Driver/Src/stm32f7xx_hal.o
                0x00000000080027c8                HAL_Delay
 .text.__NVIC_SetPriorityGrouping
                0x0000000008002810       0x48 ./Drivers/STM32F7xx_HAL_Driver/Src/stm32f7xx_hal_cortex.o
 .text.__NVIC_GetPriorityGrouping
                0x0000000008002858       0x1c ./Drivers/STM32F7xx_HAL_Driver/Src/stm32f7xx_hal_cortex.o
 .text.__NVIC_EnableIRQ
                0x0000000008002874       0x3c ./Drivers/STM32F7xx_HAL_Driver/Src/stm32f7xx_hal_cortex.o
 .text.__NVIC_SetPriority
                0x00000000080028b0       0x54 ./Drivers/STM32F7xx_HAL_Driver/Src/stm32f7xx_hal_cortex.o
 .text.NVIC_EncodePriority
                0x0000000008002904       0x66 ./Drivers/STM32F7xx_HAL_Driver/Src/stm32f7xx_hal_cortex.o
 *fill*         0x000000000800296a        0x2 
 .text.SysTick_Config
                0x000000000800296c       0x44 ./Drivers/STM32F7xx_HAL_Driver/Src/stm32f7xx_hal_cortex.o
 .text.HAL_NVIC_SetPriorityGrouping
                0x00000000080029b0       0x16 ./Drivers/STM32F7xx_HAL_Driver/Src/stm32f7xx_hal_cortex.o
                0x00000000080029b0                HAL_NVIC_SetPriorityGrouping
 .text.HAL_NVIC_SetPriority
                0x00000000080029c6       0x38 ./Drivers/STM32F7xx_HAL_Driver/Src/stm32f7xx_hal_cortex.o
                0x00000000080029c6                HAL_NVIC_SetPriority
 .text.HAL_NVIC_EnableIRQ
                0x00000000080029fe       0x1c ./Drivers/STM32F7xx_HAL_Driver/Src/stm32f7xx_hal_cortex.o
                0x00000000080029fe                HAL_NVIC_EnableIRQ
 .text.HAL_SYSTICK_Config
                0x0000000008002a1a       0x18 ./Drivers/STM32F7xx_HAL_Driver/Src/stm32f7xx_hal_cortex.o
                0x0000000008002a1a                HAL_SYSTICK_Config
 .text.HAL_DMA_Abort
                0x0000000008002a32       0xe0 ./Drivers/STM32F7xx_HAL_Driver/Src/stm32f7xx_hal_dma.o
                0x0000000008002a32                HAL_DMA_Abort
 .text.HAL_DMA_Abort_IT
                0x0000000008002b12       0x44 ./Drivers/STM32F7xx_HAL_Driver/Src/stm32f7xx_hal_dma.o
                0x0000000008002b12                HAL_DMA_Abort_IT
 *fill*         0x0000000008002b56        0x2 
 .text.HAL_GPIO_Init
                0x0000000008002b58      0x358 ./Drivers/STM32F7xx_HAL_Driver/Src/stm32f7xx_hal_gpio.o
                0x0000000008002b58                HAL_GPIO_Init
 .text.HAL_GPIO_ReadPin
                0x0000000008002eb0       0x30 ./Drivers/STM32F7xx_HAL_Driver/Src/stm32f7xx_hal_gpio.o
                0x0000000008002eb0                HAL_GPIO_ReadPin
 .text.HAL_GPIO_WritePin
                0x0000000008002ee0       0x32 ./Drivers/STM32F7xx_HAL_Driver/Src/stm32f7xx_hal_gpio.o
                0x0000000008002ee0                HAL_GPIO_WritePin
 *fill*         0x0000000008002f12        0x2 
 .text.HAL_I2C_Init
                0x0000000008002f14      0x120 ./Drivers/STM32F7xx_HAL_Driver/Src/stm32f7xx_hal_i2c.o
                0x0000000008002f14                HAL_I2C_Init
 .text.HAL_I2C_Master_Transmit
                0x0000000008003034      0x1e8 ./Drivers/STM32F7xx_HAL_Driver/Src/stm32f7xx_hal_i2c.o
                0x0000000008003034                HAL_I2C_Master_Transmit
 .text.HAL_I2C_Master_Receive
                0x000000000800321c      0x1ec ./Drivers/STM32F7xx_HAL_Driver/Src/stm32f7xx_hal_i2c.o
                0x000000000800321c                HAL_I2C_Master_Receive
 .text.I2C_Flush_TXDR
                0x0000000008003408       0x48 ./Drivers/STM32F7xx_HAL_Driver/Src/stm32f7xx_hal_i2c.o
 .text.I2C_WaitOnFlagUntilTimeout
                0x0000000008003450       0x80 ./Drivers/STM32F7xx_HAL_Driver/Src/stm32f7xx_hal_i2c.o
 .text.I2C_WaitOnTXISFlagUntilTimeout
                0x00000000080034d0       0x80 ./Drivers/STM32F7xx_HAL_Driver/Src/stm32f7xx_hal_i2c.o
 .text.I2C_WaitOnSTOPFlagUntilTimeout
                0x0000000008003550       0x78 ./Drivers/STM32F7xx_HAL_Driver/Src/stm32f7xx_hal_i2c.o
 .text.I2C_WaitOnRXNEFlagUntilTimeout
                0x00000000080035c8       0xf4 ./Drivers/STM32F7xx_HAL_Driver/Src/stm32f7xx_hal_i2c.o
 .text.I2C_IsErrorOccurred
                0x00000000080036bc      0x1c0 ./Drivers/STM32F7xx_HAL_Driver/Src/stm32f7xx_hal_i2c.o
 .text.I2C_TransferConfig
                0x000000000800387c       0x64 ./Drivers/STM32F7xx_HAL_Driver/Src/stm32f7xx_hal_i2c.o
 .text.HAL_I2CEx_ConfigAnalogFilter
                0x00000000080038e0       0x96 ./Drivers/STM32F7xx_HAL_Driver/Src/stm32f7xx_hal_i2c_ex.o
                0x00000000080038e0                HAL_I2CEx_ConfigAnalogFilter
 .text.HAL_I2CEx_ConfigDigitalFilter
                0x0000000008003976       0x98 ./Drivers/STM32F7xx_HAL_Driver/Src/stm32f7xx_hal_i2c_ex.o
                0x0000000008003976                HAL_I2CEx_ConfigDigitalFilter
 *fill*         0x0000000008003a0e        0x2 
 .text.HAL_PWREx_EnableOverDrive
                0x0000000008003a10       0xa0 ./Drivers/STM32F7xx_HAL_Driver/Src/stm32f7xx_hal_pwr_ex.o
                0x0000000008003a10                HAL_PWREx_EnableOverDrive
 .text.HAL_RCC_OscConfig
                0x0000000008003ab0      0x55c ./Drivers/STM32F7xx_HAL_Driver/Src/stm32f7xx_hal_rcc.o
                0x0000000008003ab0                HAL_RCC_OscConfig
 .text.HAL_RCC_ClockConfig
                0x000000000800400c      0x1d8 ./Drivers/STM32F7xx_HAL_Driver/Src/stm32f7xx_hal_rcc.o
                0x000000000800400c                HAL_RCC_ClockConfig
 .text.HAL_RCC_GetSysClockFreq
                0x00000000080041e4      0x20c ./Drivers/STM32F7xx_HAL_Driver/Src/stm32f7xx_hal_rcc.o
                0x00000000080041e4                HAL_RCC_GetSysClockFreq
 .text.HAL_RCC_GetHCLKFreq
                0x00000000080043f0       0x18 ./Drivers/STM32F7xx_HAL_Driver/Src/stm32f7xx_hal_rcc.o
                0x00000000080043f0                HAL_RCC_GetHCLKFreq
 .text.HAL_RCC_GetPCLK1Freq
                0x0000000008004408       0x28 ./Drivers/STM32F7xx_HAL_Driver/Src/stm32f7xx_hal_rcc.o
                0x0000000008004408                HAL_RCC_GetPCLK1Freq
 .text.HAL_RCC_GetPCLK2Freq
                0x0000000008004430       0x28 ./Drivers/STM32F7xx_HAL_Driver/Src/stm32f7xx_hal_rcc.o
                0x0000000008004430                HAL_RCC_GetPCLK2Freq
 .text.HAL_RCCEx_PeriphCLKConfig
                0x0000000008004458      0x850 ./Drivers/STM32F7xx_HAL_Driver/Src/stm32f7xx_hal_rcc_ex.o
                0x0000000008004458                HAL_RCCEx_PeriphCLKConfig
 .text.HAL_TIM_Base_Init
                0x0000000008004ca8       0xae ./Drivers/STM32F7xx_HAL_Driver/Src/stm32f7xx_hal_tim.o
                0x0000000008004ca8                HAL_TIM_Base_Init
 *fill*         0x0000000008004d56        0x2 
 .text.HAL_TIM_ConfigClockSource
                0x0000000008004d58      0x194 ./Drivers/STM32F7xx_HAL_Driver/Src/stm32f7xx_hal_tim.o
                0x0000000008004d58                HAL_TIM_ConfigClockSource
 .text.TIM_Base_SetConfig
                0x0000000008004eec      0x140 ./Drivers/STM32F7xx_HAL_Driver/Src/stm32f7xx_hal_tim.o
                0x0000000008004eec                TIM_Base_SetConfig
 .text.TIM_TI1_ConfigInputStage
                0x000000000800502c       0x5e ./Drivers/STM32F7xx_HAL_Driver/Src/stm32f7xx_hal_tim.o
 .text.TIM_TI2_ConfigInputStage
                0x000000000800508a       0x60 ./Drivers/STM32F7xx_HAL_Driver/Src/stm32f7xx_hal_tim.o
 .text.TIM_ITRx_SetConfig
                0x00000000080050ea       0x36 ./Drivers/STM32F7xx_HAL_Driver/Src/stm32f7xx_hal_tim.o
 .text.TIM_ETR_SetConfig
                0x0000000008005120       0x40 ./Drivers/STM32F7xx_HAL_Driver/Src/stm32f7xx_hal_tim.o
                0x0000000008005120                TIM_ETR_SetConfig
 .text.HAL_TIMEx_MasterConfigSynchronization
                0x0000000008005160      0x11c ./Drivers/STM32F7xx_HAL_Driver/Src/stm32f7xx_hal_tim_ex.o
                0x0000000008005160                HAL_TIMEx_MasterConfigSynchronization
 .text.HAL_UART_Init
                0x000000000800527c       0x9c ./Drivers/STM32F7xx_HAL_Driver/Src/stm32f7xx_hal_uart.o
                0x000000000800527c                HAL_UART_Init
 .text.HAL_UART_Transmit
                0x0000000008005318      0x106 ./Drivers/STM32F7xx_HAL_Driver/Src/stm32f7xx_hal_uart.o
                0x0000000008005318                HAL_UART_Transmit
 .text.HAL_UART_Receive
                0x000000000800541e      0x188 ./Drivers/STM32F7xx_HAL_Driver/Src/stm32f7xx_hal_uart.o
                0x000000000800541e                HAL_UART_Receive
 *fill*         0x00000000080055a6        0x2 
 .text.HAL_UART_IRQHandler
                0x00000000080055a8      0x5d0 ./Drivers/STM32F7xx_HAL_Driver/Src/stm32f7xx_hal_uart.o
                0x00000000080055a8                HAL_UART_IRQHandler
 .text.HAL_UART_TxCpltCallback
                0x0000000008005b78       0x14 ./Drivers/STM32F7xx_HAL_Driver/Src/stm32f7xx_hal_uart.o
                0x0000000008005b78                HAL_UART_TxCpltCallback
 .text.HAL_UART_ErrorCallback
                0x0000000008005b8c       0x14 ./Drivers/STM32F7xx_HAL_Driver/Src/stm32f7xx_hal_uart.o
                0x0000000008005b8c                HAL_UART_ErrorCallback
 .text.HAL_UARTEx_RxEventCallback
                0x0000000008005ba0       0x18 ./Drivers/STM32F7xx_HAL_Driver/Src/stm32f7xx_hal_uart.o
                0x0000000008005ba0                HAL_UARTEx_RxEventCallback
 .text.HAL_UARTEx_WakeupCallback
                0x0000000008005bb8       0x14 ./Drivers/STM32F7xx_HAL_Driver/Src/stm32f7xx_hal_uart.o
                0x0000000008005bb8                HAL_UARTEx_WakeupCallback
 .text.UART_SetConfig
                0x0000000008005bcc      0x4c8 ./Drivers/STM32F7xx_HAL_Driver/Src/stm32f7xx_hal_uart.o
                0x0000000008005bcc                UART_SetConfig
 .text.UART_AdvFeatureConfig
                0x0000000008006094      0x144 ./Drivers/STM32F7xx_HAL_Driver/Src/stm32f7xx_hal_uart.o
                0x0000000008006094                UART_AdvFeatureConfig
 .text.UART_CheckIdleState
                0x00000000080061d8       0x9a ./Drivers/STM32F7xx_HAL_Driver/Src/stm32f7xx_hal_uart.o
                0x00000000080061d8                UART_CheckIdleState
 .text.UART_WaitOnFlagUntilTimeout
                0x0000000008006272      0x18c ./Drivers/STM32F7xx_HAL_Driver/Src/stm32f7xx_hal_uart.o
                0x0000000008006272                UART_WaitOnFlagUntilTimeout
 .text.UART_EndRxTransfer
                0x00000000080063fe       0xc8 ./Drivers/STM32F7xx_HAL_Driver/Src/stm32f7xx_hal_uart.o
 .text.UART_DMAAbortOnError
                0x00000000080064c6       0x2c ./Drivers/STM32F7xx_HAL_Driver/Src/stm32f7xx_hal_uart.o
 .text.UART_EndTransmit_IT
                0x00000000080064f2       0x54 ./Drivers/STM32F7xx_HAL_Driver/Src/stm32f7xx_hal_uart.o
 .text.atoi     0x0000000008006546        0x8 c:/st/stm32cubeide_1.10.1/stm32cubeide/plugins/com.st.stm32cube.ide.mcu.externaltools.gnu-tools-for-stm32.10.3-2021.10.win32_1.0.0.202111181127/tools/bin/../lib/gcc/arm-none-eabi/10.3.1/../../../../arm-none-eabi/lib/thumb/v7e-m+dp/hard\libc.a(lib_a-atoi.o)
                0x0000000008006546                atoi
 *fill*         0x000000000800654e        0x2 
 .text.__errno  0x0000000008006550        0xc c:/st/stm32cubeide_1.10.1/stm32cubeide/plugins/com.st.stm32cube.ide.mcu.externaltools.gnu-tools-for-stm32.10.3-2021.10.win32_1.0.0.202111181127/tools/bin/../lib/gcc/arm-none-eabi/10.3.1/../../../../arm-none-eabi/lib/thumb/v7e-m+dp/hard\libc.a(lib_a-errno.o)
                0x0000000008006550                __errno
 .text.__libc_init_array
                0x000000000800655c       0x48 c:/st/stm32cubeide_1.10.1/stm32cubeide/plugins/com.st.stm32cube.ide.mcu.externaltools.gnu-tools-for-stm32.10.3-2021.10.win32_1.0.0.202111181127/tools/bin/../lib/gcc/arm-none-eabi/10.3.1/../../../../arm-none-eabi/lib/thumb/v7e-m+dp/hard\libc.a(lib_a-init.o)
                0x000000000800655c                __libc_init_array
 .text.__itoa   0x00000000080065a4       0x30 c:/st/stm32cubeide_1.10.1/stm32cubeide/plugins/com.st.stm32cube.ide.mcu.externaltools.gnu-tools-for-stm32.10.3-2021.10.win32_1.0.0.202111181127/tools/bin/../lib/gcc/arm-none-eabi/10.3.1/../../../../arm-none-eabi/lib/thumb/v7e-m+dp/hard\libc.a(lib_a-itoa.o)
                0x00000000080065a4                __itoa
 .text.itoa     0x00000000080065d4        0x4 c:/st/stm32cubeide_1.10.1/stm32cubeide/plugins/com.st.stm32cube.ide.mcu.externaltools.gnu-tools-for-stm32.10.3-2021.10.win32_1.0.0.202111181127/tools/bin/../lib/gcc/arm-none-eabi/10.3.1/../../../../arm-none-eabi/lib/thumb/v7e-m+dp/hard\libc.a(lib_a-itoa.o)
                0x00000000080065d4                itoa
 .text.memcmp   0x00000000080065d8       0x20 c:/st/stm32cubeide_1.10.1/stm32cubeide/plugins/com.st.stm32cube.ide.mcu.externaltools.gnu-tools-for-stm32.10.3-2021.10.win32_1.0.0.202111181127/tools/bin/../lib/gcc/arm-none-eabi/10.3.1/../../../../arm-none-eabi/lib/thumb/v7e-m+dp/hard\libc.a(lib_a-memcmp.o)
                0x00000000080065d8                memcmp
 .text.memset   0x00000000080065f8       0x10 c:/st/stm32cubeide_1.10.1/stm32cubeide/plugins/com.st.stm32cube.ide.mcu.externaltools.gnu-tools-for-stm32.10.3-2021.10.win32_1.0.0.202111181127/tools/bin/../lib/gcc/arm-none-eabi/10.3.1/../../../../arm-none-eabi/lib/thumb/v7e-m+dp/hard\libc.a(lib_a-memset.o)
                0x00000000080065f8                memset
 .text.printf   0x0000000008006608       0x24 c:/st/stm32cubeide_1.10.1/stm32cubeide/plugins/com.st.stm32cube.ide.mcu.externaltools.gnu-tools-for-stm32.10.3-2021.10.win32_1.0.0.202111181127/tools/bin/../lib/gcc/arm-none-eabi/10.3.1/../../../../arm-none-eabi/lib/thumb/v7e-m+dp/hard\libc.a(lib_a-printf.o)
                0x0000000008006608                printf
 .text._puts_r  0x000000000800662c       0x8c c:/st/stm32cubeide_1.10.1/stm32cubeide/plugins/com.st.stm32cube.ide.mcu.externaltools.gnu-tools-for-stm32.10.3-2021.10.win32_1.0.0.202111181127/tools/bin/../lib/gcc/arm-none-eabi/10.3.1/../../../../arm-none-eabi/lib/thumb/v7e-m+dp/hard\libc.a(lib_a-puts.o)
                0x000000000800662c                _puts_r
 .text.puts     0x00000000080066b8       0x10 c:/st/stm32cubeide_1.10.1/stm32cubeide/plugins/com.st.stm32cube.ide.mcu.externaltools.gnu-tools-for-stm32.10.3-2021.10.win32_1.0.0.202111181127/tools/bin/../lib/gcc/arm-none-eabi/10.3.1/../../../../arm-none-eabi/lib/thumb/v7e-m+dp/hard\libc.a(lib_a-puts.o)
                0x00000000080066b8                puts
 .text.scanf    0x00000000080066c8       0x24 c:/st/stm32cubeide_1.10.1/stm32cubeide/plugins/com.st.stm32cube.ide.mcu.externaltools.gnu-tools-for-stm32.10.3-2021.10.win32_1.0.0.202111181127/tools/bin/../lib/gcc/arm-none-eabi/10.3.1/../../../../arm-none-eabi/lib/thumb/v7e-m+dp/hard\libc.a(lib_a-scanf.o)
                0x00000000080066c8                scanf
 .text.setvbuf  0x00000000080066ec      0x16c c:/st/stm32cubeide_1.10.1/stm32cubeide/plugins/com.st.stm32cube.ide.mcu.externaltools.gnu-tools-for-stm32.10.3-2021.10.win32_1.0.0.202111181127/tools/bin/../lib/gcc/arm-none-eabi/10.3.1/../../../../arm-none-eabi/lib/thumb/v7e-m+dp/hard\libc.a(lib_a-setvbuf.o)
                0x00000000080066ec                setvbuf
 .text._strtol_l.constprop.0
                0x0000000008006858      0x104 c:/st/stm32cubeide_1.10.1/stm32cubeide/plugins/com.st.stm32cube.ide.mcu.externaltools.gnu-tools-for-stm32.10.3-2021.10.win32_1.0.0.202111181127/tools/bin/../lib/gcc/arm-none-eabi/10.3.1/../../../../arm-none-eabi/lib/thumb/v7e-m+dp/hard\libc.a(lib_a-strtol.o)
 .text._strtol_r
                0x000000000800695c        0x4 c:/st/stm32cubeide_1.10.1/stm32cubeide/plugins/com.st.stm32cube.ide.mcu.externaltools.gnu-tools-for-stm32.10.3-2021.10.win32_1.0.0.202111181127/tools/bin/../lib/gcc/arm-none-eabi/10.3.1/../../../../arm-none-eabi/lib/thumb/v7e-m+dp/hard\libc.a(lib_a-strtol.o)
                0x000000000800695c                _strtol_r
 .text.strtol   0x0000000008006960       0x14 c:/st/stm32cubeide_1.10.1/stm32cubeide/plugins/com.st.stm32cube.ide.mcu.externaltools.gnu-tools-for-stm32.10.3-2021.10.win32_1.0.0.202111181127/tools/bin/../lib/gcc/arm-none-eabi/10.3.1/../../../../arm-none-eabi/lib/thumb/v7e-m+dp/hard\libc.a(lib_a-strtol.o)
                0x0000000008006960                strtol
 .text.__utoa   0x0000000008006974       0x84 c:/st/stm32cubeide_1.10.1/stm32cubeide/plugins/com.st.stm32cube.ide.mcu.externaltools.gnu-tools-for-stm32.10.3-2021.10.win32_1.0.0.202111181127/tools/bin/../lib/gcc/arm-none-eabi/10.3.1/../../../../arm-none-eabi/lib/thumb/v7e-m+dp/hard\libc.a(lib_a-utoa.o)
                0x0000000008006974                __utoa
 .text._vfprintf_r
                0x00000000080069f8     0x1448 c:/st/stm32cubeide_1.10.1/stm32cubeide/plugins/com.st.stm32cube.ide.mcu.externaltools.gnu-tools-for-stm32.10.3-2021.10.win32_1.0.0.202111181127/tools/bin/../lib/gcc/arm-none-eabi/10.3.1/../../../../arm-none-eabi/lib/thumb/v7e-m+dp/hard\libc.a(lib_a-vfprintf.o)
                0x00000000080069f8                _vfprintf_r
 .text.__sbprintf
                0x0000000008007e40       0x80 c:/st/stm32cubeide_1.10.1/stm32cubeide/plugins/com.st.stm32cube.ide.mcu.externaltools.gnu-tools-for-stm32.10.3-2021.10.win32_1.0.0.202111181127/tools/bin/../lib/gcc/arm-none-eabi/10.3.1/../../../../arm-none-eabi/lib/thumb/v7e-m+dp/hard\libc.a(lib_a-vfprintf.o)
 .text.__svfscanf_r
                0x0000000008007ec0     0x1364 c:/st/stm32cubeide_1.10.1/stm32cubeide/plugins/com.st.stm32cube.ide.mcu.externaltools.gnu-tools-for-stm32.10.3-2021.10.win32_1.0.0.202111181127/tools/bin/../lib/gcc/arm-none-eabi/10.3.1/../../../../arm-none-eabi/lib/thumb/v7e-m+dp/hard\libc.a(lib_a-vfscanf.o)
                0x0000000008007ec0                __svfscanf_r
 .text._vfscanf_r
                0x0000000008009224       0x28 c:/st/stm32cubeide_1.10.1/stm32cubeide/plugins/com.st.stm32cube.ide.mcu.externaltools.gnu-tools-for-stm32.10.3-2021.10.win32_1.0.0.202111181127/tools/bin/../lib/gcc/arm-none-eabi/10.3.1/../../../../arm-none-eabi/lib/thumb/v7e-m+dp/hard\libc.a(lib_a-vfscanf.o)
                0x0000000008009224                _vfscanf_r
 .text.__swsetup_r
                0x000000000800924c       0xb0 c:/st/stm32cubeide_1.10.1/stm32cubeide/plugins/com.st.stm32cube.ide.mcu.externaltools.gnu-tools-for-stm32.10.3-2021.10.win32_1.0.0.202111181127/tools/bin/../lib/gcc/arm-none-eabi/10.3.1/../../../../arm-none-eabi/lib/thumb/v7e-m+dp/hard\libc.a(lib_a-wsetup.o)
                0x000000000800924c                __swsetup_r
 .text.startup.register_fini
                0x00000000080092fc       0x14 c:/st/stm32cubeide_1.10.1/stm32cubeide/plugins/com.st.stm32cube.ide.mcu.externaltools.gnu-tools-for-stm32.10.3-2021.10.win32_1.0.0.202111181127/tools/bin/../lib/gcc/arm-none-eabi/10.3.1/../../../../arm-none-eabi/lib/thumb/v7e-m+dp/hard\libc.a(lib_a-__call_atexit.o)
 .text.atexit   0x0000000008009310        0xc c:/st/stm32cubeide_1.10.1/stm32cubeide/plugins/com.st.stm32cube.ide.mcu.externaltools.gnu-tools-for-stm32.10.3-2021.10.win32_1.0.0.202111181127/tools/bin/../lib/gcc/arm-none-eabi/10.3.1/../../../../arm-none-eabi/lib/thumb/v7e-m+dp/hard\libc.a(lib_a-atexit.o)
                0x0000000008009310                atexit
 .text.quorem   0x000000000800931c      0x116 c:/st/stm32cubeide_1.10.1/stm32cubeide/plugins/com.st.stm32cube.ide.mcu.externaltools.gnu-tools-for-stm32.10.3-2021.10.win32_1.0.0.202111181127/tools/bin/../lib/gcc/arm-none-eabi/10.3.1/../../../../arm-none-eabi/lib/thumb/v7e-m+dp/hard\libc.a(lib_a-dtoa.o)
 *fill*         0x0000000008009432        0x6 
 .text._dtoa_r  0x0000000008009438      0xaac c:/st/stm32cubeide_1.10.1/stm32cubeide/plugins/com.st.stm32cube.ide.mcu.externaltools.gnu-tools-for-stm32.10.3-2021.10.win32_1.0.0.202111181127/tools/bin/../lib/gcc/arm-none-eabi/10.3.1/../../../../arm-none-eabi/lib/thumb/v7e-m+dp/hard\libc.a(lib_a-dtoa.o)
                0x0000000008009438                _dtoa_r
 .text.__sflush_r
                0x0000000008009ee4      0x11c c:/st/stm32cubeide_1.10.1/stm32cubeide/plugins/com.st.stm32cube.ide.mcu.externaltools.gnu-tools-for-stm32.10.3-2021.10.win32_1.0.0.202111181127/tools/bin/../lib/gcc/arm-none-eabi/10.3.1/../../../../arm-none-eabi/lib/thumb/v7e-m+dp/hard\libc.a(lib_a-fflush.o)
                0x0000000008009ee4                __sflush_r
 .text._fflush_r
                0x000000000800a000       0x4a c:/st/stm32cubeide_1.10.1/stm32cubeide/plugins/com.st.stm32cube.ide.mcu.externaltools.gnu-tools-for-stm32.10.3-2021.10.win32_1.0.0.202111181127/tools/bin/../lib/gcc/arm-none-eabi/10.3.1/../../../../arm-none-eabi/lib/thumb/v7e-m+dp/hard\libc.a(lib_a-fflush.o)
                0x000000000800a000                _fflush_r
 *fill*         0x000000000800a04a        0x2 
 .text.fflush   0x000000000800a04c       0x24 c:/st/stm32cubeide_1.10.1/stm32cubeide/plugins/com.st.stm32cube.ide.mcu.externaltools.gnu-tools-for-stm32.10.3-2021.10.win32_1.0.0.202111181127/tools/bin/../lib/gcc/arm-none-eabi/10.3.1/../../../../arm-none-eabi/lib/thumb/v7e-m+dp/hard\libc.a(lib_a-fflush.o)
                0x000000000800a04c                fflush
 .text.std      0x000000000800a070       0x50 c:/st/stm32cubeide_1.10.1/stm32cubeide/plugins/com.st.stm32cube.ide.mcu.externaltools.gnu-tools-for-stm32.10.3-2021.10.win32_1.0.0.202111181127/tools/bin/../lib/gcc/arm-none-eabi/10.3.1/../../../../arm-none-eabi/lib/thumb/v7e-m+dp/hard\libc.a(lib_a-findfp.o)
 .text._cleanup_r
                0x000000000800a0c0        0xc c:/st/stm32cubeide_1.10.1/stm32cubeide/plugins/com.st.stm32cube.ide.mcu.externaltools.gnu-tools-for-stm32.10.3-2021.10.win32_1.0.0.202111181127/tools/bin/../lib/gcc/arm-none-eabi/10.3.1/../../../../arm-none-eabi/lib/thumb/v7e-m+dp/hard\libc.a(lib_a-findfp.o)
                0x000000000800a0c0                _cleanup_r
 .text.__sfp_lock_acquire
                0x000000000800a0cc        0xc c:/st/stm32cubeide_1.10.1/stm32cubeide/plugins/com.st.stm32cube.ide.mcu.externaltools.gnu-tools-for-stm32.10.3-2021.10.win32_1.0.0.202111181127/tools/bin/../lib/gcc/arm-none-eabi/10.3.1/../../../../arm-none-eabi/lib/thumb/v7e-m+dp/hard\libc.a(lib_a-findfp.o)
                0x000000000800a0cc                __sfp_lock_acquire
 .text.__sfp_lock_release
                0x000000000800a0d8        0xc c:/st/stm32cubeide_1.10.1/stm32cubeide/plugins/com.st.stm32cube.ide.mcu.externaltools.gnu-tools-for-stm32.10.3-2021.10.win32_1.0.0.202111181127/tools/bin/../lib/gcc/arm-none-eabi/10.3.1/../../../../arm-none-eabi/lib/thumb/v7e-m+dp/hard\libc.a(lib_a-findfp.o)
                0x000000000800a0d8                __sfp_lock_release
 .text.__sinit_lock_acquire
                0x000000000800a0e4        0xc c:/st/stm32cubeide_1.10.1/stm32cubeide/plugins/com.st.stm32cube.ide.mcu.externaltools.gnu-tools-for-stm32.10.3-2021.10.win32_1.0.0.202111181127/tools/bin/../lib/gcc/arm-none-eabi/10.3.1/../../../../arm-none-eabi/lib/thumb/v7e-m+dp/hard\libc.a(lib_a-findfp.o)
                0x000000000800a0e4                __sinit_lock_acquire
 .text.__sinit_lock_release
                0x000000000800a0f0        0xc c:/st/stm32cubeide_1.10.1/stm32cubeide/plugins/com.st.stm32cube.ide.mcu.externaltools.gnu-tools-for-stm32.10.3-2021.10.win32_1.0.0.202111181127/tools/bin/../lib/gcc/arm-none-eabi/10.3.1/../../../../arm-none-eabi/lib/thumb/v7e-m+dp/hard\libc.a(lib_a-findfp.o)
                0x000000000800a0f0                __sinit_lock_release
 .text.__sinit  0x000000000800a0fc       0x50 c:/st/stm32cubeide_1.10.1/stm32cubeide/plugins/com.st.stm32cube.ide.mcu.externaltools.gnu-tools-for-stm32.10.3-2021.10.win32_1.0.0.202111181127/tools/bin/../lib/gcc/arm-none-eabi/10.3.1/../../../../arm-none-eabi/lib/thumb/v7e-m+dp/hard\libc.a(lib_a-findfp.o)
                0x000000000800a0fc                __sinit
 .text.__libc_fini_array
                0x000000000800a14c       0x28 c:/st/stm32cubeide_1.10.1/stm32cubeide/plugins/com.st.stm32cube.ide.mcu.externaltools.gnu-tools-for-stm32.10.3-2021.10.win32_1.0.0.202111181127/tools/bin/../lib/gcc/arm-none-eabi/10.3.1/../../../../arm-none-eabi/lib/thumb/v7e-m+dp/hard\libc.a(lib_a-fini.o)
                0x000000000800a14c                __libc_fini_array
 .text._fread_r
                0x000000000800a174       0xd0 c:/st/stm32cubeide_1.10.1/stm32cubeide/plugins/com.st.stm32cube.ide.mcu.externaltools.gnu-tools-for-stm32.10.3-2021.10.win32_1.0.0.202111181127/tools/bin/../lib/gcc/arm-none-eabi/10.3.1/../../../../arm-none-eabi/lib/thumb/v7e-m+dp/hard\libc.a(lib_a-fread.o)
                0x000000000800a174                _fread_r
 .text._malloc_trim_r
                0x000000000800a244       0xa8 c:/st/stm32cubeide_1.10.1/stm32cubeide/plugins/com.st.stm32cube.ide.mcu.externaltools.gnu-tools-for-stm32.10.3-2021.10.win32_1.0.0.202111181127/tools/bin/../lib/gcc/arm-none-eabi/10.3.1/../../../../arm-none-eabi/lib/thumb/v7e-m+dp/hard\libc.a(lib_a-freer.o)
                0x000000000800a244                _malloc_trim_r
 .text._free_r  0x000000000800a2ec      0x180 c:/st/stm32cubeide_1.10.1/stm32cubeide/plugins/com.st.stm32cube.ide.mcu.externaltools.gnu-tools-for-stm32.10.3-2021.10.win32_1.0.0.202111181127/tools/bin/../lib/gcc/arm-none-eabi/10.3.1/../../../../arm-none-eabi/lib/thumb/v7e-m+dp/hard\libc.a(lib_a-freer.o)
                0x000000000800a2ec                _free_r
 .text.__sfvwrite_r
                0x000000000800a46c      0x294 c:/st/stm32cubeide_1.10.1/stm32cubeide/plugins/com.st.stm32cube.ide.mcu.externaltools.gnu-tools-for-stm32.10.3-2021.10.win32_1.0.0.202111181127/tools/bin/../lib/gcc/arm-none-eabi/10.3.1/../../../../arm-none-eabi/lib/thumb/v7e-m+dp/hard\libc.a(lib_a-fvwrite.o)
                0x000000000800a46c                __sfvwrite_r
 .text._fwalk   0x000000000800a700       0x3a c:/st/stm32cubeide_1.10.1/stm32cubeide/plugins/com.st.stm32cube.ide.mcu.externaltools.gnu-tools-for-stm32.10.3-2021.10.win32_1.0.0.202111181127/tools/bin/../lib/gcc/arm-none-eabi/10.3.1/../../../../arm-none-eabi/lib/thumb/v7e-m+dp/hard\libc.a(lib_a-fwalk.o)
                0x000000000800a700                _fwalk
 .text._fwalk_reent
                0x000000000800a73a       0x3e c:/st/stm32cubeide_1.10.1/stm32cubeide/plugins/com.st.stm32cube.ide.mcu.externaltools.gnu-tools-for-stm32.10.3-2021.10.win32_1.0.0.202111181127/tools/bin/../lib/gcc/arm-none-eabi/10.3.1/../../../../arm-none-eabi/lib/thumb/v7e-m+dp/hard\libc.a(lib_a-fwalk.o)
                0x000000000800a73a                _fwalk_reent
 .text.iswspace
                0x000000000800a778        0x6 c:/st/stm32cubeide_1.10.1/stm32cubeide/plugins/com.st.stm32cube.ide.mcu.externaltools.gnu-tools-for-stm32.10.3-2021.10.win32_1.0.0.202111181127/tools/bin/../lib/gcc/arm-none-eabi/10.3.1/../../../../arm-none-eabi/lib/thumb/v7e-m+dp/hard\libc.a(lib_a-iswspace.o)
                0x000000000800a778                iswspace
 *fill*         0x000000000800a77e        0x2 
 .text.iswspace_l
                0x000000000800a780       0x14 c:/st/stm32cubeide_1.10.1/stm32cubeide/plugins/com.st.stm32cube.ide.mcu.externaltools.gnu-tools-for-stm32.10.3-2021.10.win32_1.0.0.202111181127/tools/bin/../lib/gcc/arm-none-eabi/10.3.1/../../../../arm-none-eabi/lib/thumb/v7e-m+dp/hard\libc.a(lib_a-iswspace_l.o)
                0x000000000800a780                iswspace_l
 .text.__locale_mb_cur_max
                0x000000000800a794        0xc c:/st/stm32cubeide_1.10.1/stm32cubeide/plugins/com.st.stm32cube.ide.mcu.externaltools.gnu-tools-for-stm32.10.3-2021.10.win32_1.0.0.202111181127/tools/bin/../lib/gcc/arm-none-eabi/10.3.1/../../../../arm-none-eabi/lib/thumb/v7e-m+dp/hard\libc.a(lib_a-locale.o)
                0x000000000800a794                __locale_mb_cur_max
 .text._localeconv_r
                0x000000000800a7a0        0x8 c:/st/stm32cubeide_1.10.1/stm32cubeide/plugins/com.st.stm32cube.ide.mcu.externaltools.gnu-tools-for-stm32.10.3-2021.10.win32_1.0.0.202111181127/tools/bin/../lib/gcc/arm-none-eabi/10.3.1/../../../../arm-none-eabi/lib/thumb/v7e-m+dp/hard\libc.a(lib_a-localeconv.o)
                0x000000000800a7a0                _localeconv_r
 .text.__retarget_lock_init_recursive
                0x000000000800a7a8        0x2 c:/st/stm32cubeide_1.10.1/stm32cubeide/plugins/com.st.stm32cube.ide.mcu.externaltools.gnu-tools-for-stm32.10.3-2021.10.win32_1.0.0.202111181127/tools/bin/../lib/gcc/arm-none-eabi/10.3.1/../../../../arm-none-eabi/lib/thumb/v7e-m+dp/hard\libc.a(lib_a-lock.o)
                0x000000000800a7a8                __retarget_lock_init_recursive
 .text.__retarget_lock_close_recursive
                0x000000000800a7aa        0x2 c:/st/stm32cubeide_1.10.1/stm32cubeide/plugins/com.st.stm32cube.ide.mcu.externaltools.gnu-tools-for-stm32.10.3-2021.10.win32_1.0.0.202111181127/tools/bin/../lib/gcc/arm-none-eabi/10.3.1/../../../../arm-none-eabi/lib/thumb/v7e-m+dp/hard\libc.a(lib_a-lock.o)
                0x000000000800a7aa                __retarget_lock_close_recursive
 .text.__retarget_lock_acquire_recursive
                0x000000000800a7ac        0x2 c:/st/stm32cubeide_1.10.1/stm32cubeide/plugins/com.st.stm32cube.ide.mcu.externaltools.gnu-tools-for-stm32.10.3-2021.10.win32_1.0.0.202111181127/tools/bin/../lib/gcc/arm-none-eabi/10.3.1/../../../../arm-none-eabi/lib/thumb/v7e-m+dp/hard\libc.a(lib_a-lock.o)
                0x000000000800a7ac                __retarget_lock_acquire_recursive
 .text.__retarget_lock_release_recursive
                0x000000000800a7ae        0x2 c:/st/stm32cubeide_1.10.1/stm32cubeide/plugins/com.st.stm32cube.ide.mcu.externaltools.gnu-tools-for-stm32.10.3-2021.10.win32_1.0.0.202111181127/tools/bin/../lib/gcc/arm-none-eabi/10.3.1/../../../../arm-none-eabi/lib/thumb/v7e-m+dp/hard\libc.a(lib_a-lock.o)
                0x000000000800a7ae                __retarget_lock_release_recursive
 .text.__swhatbuf_r
                0x000000000800a7b0       0x58 c:/st/stm32cubeide_1.10.1/stm32cubeide/plugins/com.st.stm32cube.ide.mcu.externaltools.gnu-tools-for-stm32.10.3-2021.10.win32_1.0.0.202111181127/tools/bin/../lib/gcc/arm-none-eabi/10.3.1/../../../../arm-none-eabi/lib/thumb/v7e-m+dp/hard\libc.a(lib_a-makebuf.o)
                0x000000000800a7b0                __swhatbuf_r
 .text.__smakebuf_r
                0x000000000800a808       0x80 c:/st/stm32cubeide_1.10.1/stm32cubeide/plugins/com.st.stm32cube.ide.mcu.externaltools.gnu-tools-for-stm32.10.3-2021.10.win32_1.0.0.202111181127/tools/bin/../lib/gcc/arm-none-eabi/10.3.1/../../../../arm-none-eabi/lib/thumb/v7e-m+dp/hard\libc.a(lib_a-makebuf.o)
                0x000000000800a808                __smakebuf_r
 .text.malloc   0x000000000800a888       0x10 c:/st/stm32cubeide_1.10.1/stm32cubeide/plugins/com.st.stm32cube.ide.mcu.externaltools.gnu-tools-for-stm32.10.3-2021.10.win32_1.0.0.202111181127/tools/bin/../lib/gcc/arm-none-eabi/10.3.1/../../../../arm-none-eabi/lib/thumb/v7e-m+dp/hard\libc.a(lib_a-malloc.o)
                0x000000000800a888                malloc
 .text.free     0x000000000800a898       0x10 c:/st/stm32cubeide_1.10.1/stm32cubeide/plugins/com.st.stm32cube.ide.mcu.externaltools.gnu-tools-for-stm32.10.3-2021.10.win32_1.0.0.202111181127/tools/bin/../lib/gcc/arm-none-eabi/10.3.1/../../../../arm-none-eabi/lib/thumb/v7e-m+dp/hard\libc.a(lib_a-malloc.o)
                0x000000000800a898                free
 .text._malloc_r
                0x000000000800a8a8      0x478 c:/st/stm32cubeide_1.10.1/stm32cubeide/plugins/com.st.stm32cube.ide.mcu.externaltools.gnu-tools-for-stm32.10.3-2021.10.win32_1.0.0.202111181127/tools/bin/../lib/gcc/arm-none-eabi/10.3.1/../../../../arm-none-eabi/lib/thumb/v7e-m+dp/hard\libc.a(lib_a-mallocr.o)
                0x000000000800a8a8                _malloc_r
 .text._mbrtowc_r
                0x000000000800ad20       0x34 c:/st/stm32cubeide_1.10.1/stm32cubeide/plugins/com.st.stm32cube.ide.mcu.externaltools.gnu-tools-for-stm32.10.3-2021.10.win32_1.0.0.202111181127/tools/bin/../lib/gcc/arm-none-eabi/10.3.1/../../../../arm-none-eabi/lib/thumb/v7e-m+dp/hard\libc.a(lib_a-mbrtowc.o)
                0x000000000800ad20                _mbrtowc_r
 .text.__ascii_mbtowc
                0x000000000800ad54       0x24 c:/st/stm32cubeide_1.10.1/stm32cubeide/plugins/com.st.stm32cube.ide.mcu.externaltools.gnu-tools-for-stm32.10.3-2021.10.win32_1.0.0.202111181127/tools/bin/../lib/gcc/arm-none-eabi/10.3.1/../../../../arm-none-eabi/lib/thumb/v7e-m+dp/hard\libc.a(lib_a-mbtowc_r.o)
                0x000000000800ad54                __ascii_mbtowc
 .text.memcpy   0x000000000800ad78       0x1c c:/st/stm32cubeide_1.10.1/stm32cubeide/plugins/com.st.stm32cube.ide.mcu.externaltools.gnu-tools-for-stm32.10.3-2021.10.win32_1.0.0.202111181127/tools/bin/../lib/gcc/arm-none-eabi/10.3.1/../../../../arm-none-eabi/lib/thumb/v7e-m+dp/hard\libc.a(lib_a-memcpy-stub.o)
                0x000000000800ad78                memcpy
 .text.memmove  0x000000000800ad94       0x34 c:/st/stm32cubeide_1.10.1/stm32cubeide/plugins/com.st.stm32cube.ide.mcu.externaltools.gnu-tools-for-stm32.10.3-2021.10.win32_1.0.0.202111181127/tools/bin/../lib/gcc/arm-none-eabi/10.3.1/../../../../arm-none-eabi/lib/thumb/v7e-m+dp/hard\libc.a(lib_a-memmove.o)
                0x000000000800ad94                memmove
 .text.__malloc_lock
                0x000000000800adc8        0xc c:/st/stm32cubeide_1.10.1/stm32cubeide/plugins/com.st.stm32cube.ide.mcu.externaltools.gnu-tools-for-stm32.10.3-2021.10.win32_1.0.0.202111181127/tools/bin/../lib/gcc/arm-none-eabi/10.3.1/../../../../arm-none-eabi/lib/thumb/v7e-m+dp/hard\libc.a(lib_a-mlock.o)
                0x000000000800adc8                __malloc_lock
 .text.__malloc_unlock
                0x000000000800add4        0xc c:/st/stm32cubeide_1.10.1/stm32cubeide/plugins/com.st.stm32cube.ide.mcu.externaltools.gnu-tools-for-stm32.10.3-2021.10.win32_1.0.0.202111181127/tools/bin/../lib/gcc/arm-none-eabi/10.3.1/../../../../arm-none-eabi/lib/thumb/v7e-m+dp/hard\libc.a(lib_a-mlock.o)
                0x000000000800add4                __malloc_unlock
 .text._Balloc  0x000000000800ade0       0x4a c:/st/stm32cubeide_1.10.1/stm32cubeide/plugins/com.st.stm32cube.ide.mcu.externaltools.gnu-tools-for-stm32.10.3-2021.10.win32_1.0.0.202111181127/tools/bin/../lib/gcc/arm-none-eabi/10.3.1/../../../../arm-none-eabi/lib/thumb/v7e-m+dp/hard\libc.a(lib_a-mprec.o)
                0x000000000800ade0                _Balloc
 .text._Bfree   0x000000000800ae2a       0x12 c:/st/stm32cubeide_1.10.1/stm32cubeide/plugins/com.st.stm32cube.ide.mcu.externaltools.gnu-tools-for-stm32.10.3-2021.10.win32_1.0.0.202111181127/tools/bin/../lib/gcc/arm-none-eabi/10.3.1/../../../../arm-none-eabi/lib/thumb/v7e-m+dp/hard\libc.a(lib_a-mprec.o)
                0x000000000800ae2a                _Bfree
 .text.__multadd
                0x000000000800ae3c       0x8c c:/st/stm32cubeide_1.10.1/stm32cubeide/plugins/com.st.stm32cube.ide.mcu.externaltools.gnu-tools-for-stm32.10.3-2021.10.win32_1.0.0.202111181127/tools/bin/../lib/gcc/arm-none-eabi/10.3.1/../../../../arm-none-eabi/lib/thumb/v7e-m+dp/hard\libc.a(lib_a-mprec.o)
                0x000000000800ae3c                __multadd
 .text.__s2b    0x000000000800aec8       0x94 c:/st/stm32cubeide_1.10.1/stm32cubeide/plugins/com.st.stm32cube.ide.mcu.externaltools.gnu-tools-for-stm32.10.3-2021.10.win32_1.0.0.202111181127/tools/bin/../lib/gcc/arm-none-eabi/10.3.1/../../../../arm-none-eabi/lib/thumb/v7e-m+dp/hard\libc.a(lib_a-mprec.o)
                0x000000000800aec8                __s2b
 .text.__hi0bits
                0x000000000800af5c       0x40 c:/st/stm32cubeide_1.10.1/stm32cubeide/plugins/com.st.stm32cube.ide.mcu.externaltools.gnu-tools-for-stm32.10.3-2021.10.win32_1.0.0.202111181127/tools/bin/../lib/gcc/arm-none-eabi/10.3.1/../../../../arm-none-eabi/lib/thumb/v7e-m+dp/hard\libc.a(lib_a-mprec.o)
                0x000000000800af5c                __hi0bits
 .text.__lo0bits
                0x000000000800af9c       0x5e c:/st/stm32cubeide_1.10.1/stm32cubeide/plugins/com.st.stm32cube.ide.mcu.externaltools.gnu-tools-for-stm32.10.3-2021.10.win32_1.0.0.202111181127/tools/bin/../lib/gcc/arm-none-eabi/10.3.1/../../../../arm-none-eabi/lib/thumb/v7e-m+dp/hard\libc.a(lib_a-mprec.o)
                0x000000000800af9c                __lo0bits
 *fill*         0x000000000800affa        0x2 
 .text.__i2b    0x000000000800affc       0x2c c:/st/stm32cubeide_1.10.1/stm32cubeide/plugins/com.st.stm32cube.ide.mcu.externaltools.gnu-tools-for-stm32.10.3-2021.10.win32_1.0.0.202111181127/tools/bin/../lib/gcc/arm-none-eabi/10.3.1/../../../../arm-none-eabi/lib/thumb/v7e-m+dp/hard\libc.a(lib_a-mprec.o)
                0x000000000800affc                __i2b
 .text.__multiply
                0x000000000800b028      0x154 c:/st/stm32cubeide_1.10.1/stm32cubeide/plugins/com.st.stm32cube.ide.mcu.externaltools.gnu-tools-for-stm32.10.3-2021.10.win32_1.0.0.202111181127/tools/bin/../lib/gcc/arm-none-eabi/10.3.1/../../../../arm-none-eabi/lib/thumb/v7e-m+dp/hard\libc.a(lib_a-mprec.o)
                0x000000000800b028                __multiply
 .text.__pow5mult
                0x000000000800b17c       0x80 c:/st/stm32cubeide_1.10.1/stm32cubeide/plugins/com.st.stm32cube.ide.mcu.externaltools.gnu-tools-for-stm32.10.3-2021.10.win32_1.0.0.202111181127/tools/bin/../lib/gcc/arm-none-eabi/10.3.1/../../../../arm-none-eabi/lib/thumb/v7e-m+dp/hard\libc.a(lib_a-mprec.o)
                0x000000000800b17c                __pow5mult
 .text.__lshift
                0x000000000800b1fc       0xe0 c:/st/stm32cubeide_1.10.1/stm32cubeide/plugins/com.st.stm32cube.ide.mcu.externaltools.gnu-tools-for-stm32.10.3-2021.10.win32_1.0.0.202111181127/tools/bin/../lib/gcc/arm-none-eabi/10.3.1/../../../../arm-none-eabi/lib/thumb/v7e-m+dp/hard\libc.a(lib_a-mprec.o)
                0x000000000800b1fc                __lshift
 .text.__mcmp   0x000000000800b2dc       0x38 c:/st/stm32cubeide_1.10.1/stm32cubeide/plugins/com.st.stm32cube.ide.mcu.externaltools.gnu-tools-for-stm32.10.3-2021.10.win32_1.0.0.202111181127/tools/bin/../lib/gcc/arm-none-eabi/10.3.1/../../../../arm-none-eabi/lib/thumb/v7e-m+dp/hard\libc.a(lib_a-mprec.o)
                0x000000000800b2dc                __mcmp
 .text.__mdiff  0x000000000800b314      0x114 c:/st/stm32cubeide_1.10.1/stm32cubeide/plugins/com.st.stm32cube.ide.mcu.externaltools.gnu-tools-for-stm32.10.3-2021.10.win32_1.0.0.202111181127/tools/bin/../lib/gcc/arm-none-eabi/10.3.1/../../../../arm-none-eabi/lib/thumb/v7e-m+dp/hard\libc.a(lib_a-mprec.o)
                0x000000000800b314                __mdiff
 .text.__ulp    0x000000000800b428       0x58 c:/st/stm32cubeide_1.10.1/stm32cubeide/plugins/com.st.stm32cube.ide.mcu.externaltools.gnu-tools-for-stm32.10.3-2021.10.win32_1.0.0.202111181127/tools/bin/../lib/gcc/arm-none-eabi/10.3.1/../../../../arm-none-eabi/lib/thumb/v7e-m+dp/hard\libc.a(lib_a-mprec.o)
                0x000000000800b428                __ulp
 .text.__b2d    0x000000000800b480       0xa0 c:/st/stm32cubeide_1.10.1/stm32cubeide/plugins/com.st.stm32cube.ide.mcu.externaltools.gnu-tools-for-stm32.10.3-2021.10.win32_1.0.0.202111181127/tools/bin/../lib/gcc/arm-none-eabi/10.3.1/../../../../arm-none-eabi/lib/thumb/v7e-m+dp/hard\libc.a(lib_a-mprec.o)
                0x000000000800b480                __b2d
 .text.__d2b    0x000000000800b520       0xb8 c:/st/stm32cubeide_1.10.1/stm32cubeide/plugins/com.st.stm32cube.ide.mcu.externaltools.gnu-tools-for-stm32.10.3-2021.10.win32_1.0.0.202111181127/tools/bin/../lib/gcc/arm-none-eabi/10.3.1/../../../../arm-none-eabi/lib/thumb/v7e-m+dp/hard\libc.a(lib_a-mprec.o)
                0x000000000800b520                __d2b
 .text.__ratio  0x000000000800b5d8       0x60 c:/st/stm32cubeide_1.10.1/stm32cubeide/plugins/com.st.stm32cube.ide.mcu.externaltools.gnu-tools-for-stm32.10.3-2021.10.win32_1.0.0.202111181127/tools/bin/../lib/gcc/arm-none-eabi/10.3.1/../../../../arm-none-eabi/lib/thumb/v7e-m+dp/hard\libc.a(lib_a-mprec.o)
                0x000000000800b5d8                __ratio
 .text.__copybits
                0x000000000800b638       0x46 c:/st/stm32cubeide_1.10.1/stm32cubeide/plugins/com.st.stm32cube.ide.mcu.externaltools.gnu-tools-for-stm32.10.3-2021.10.win32_1.0.0.202111181127/tools/bin/../lib/gcc/arm-none-eabi/10.3.1/../../../../arm-none-eabi/lib/thumb/v7e-m+dp/hard\libc.a(lib_a-mprec.o)
                0x000000000800b638                __copybits
 .text.__any_on
                0x000000000800b67e       0x42 c:/st/stm32cubeide_1.10.1/stm32cubeide/plugins/com.st.stm32cube.ide.mcu.externaltools.gnu-tools-for-stm32.10.3-2021.10.win32_1.0.0.202111181127/tools/bin/../lib/gcc/arm-none-eabi/10.3.1/../../../../arm-none-eabi/lib/thumb/v7e-m+dp/hard\libc.a(lib_a-mprec.o)
                0x000000000800b67e                __any_on
 .text.realloc  0x000000000800b6c0       0x10 c:/st/stm32cubeide_1.10.1/stm32cubeide/plugins/com.st.stm32cube.ide.mcu.externaltools.gnu-tools-for-stm32.10.3-2021.10.win32_1.0.0.202111181127/tools/bin/../lib/gcc/arm-none-eabi/10.3.1/../../../../arm-none-eabi/lib/thumb/v7e-m+dp/hard\libc.a(lib_a-realloc.o)
                0x000000000800b6c0                realloc
 .text._realloc_r
                0x000000000800b6d0      0x348 c:/st/stm32cubeide_1.10.1/stm32cubeide/plugins/com.st.stm32cube.ide.mcu.externaltools.gnu-tools-for-stm32.10.3-2021.10.win32_1.0.0.202111181127/tools/bin/../lib/gcc/arm-none-eabi/10.3.1/../../../../arm-none-eabi/lib/thumb/v7e-m+dp/hard\libc.a(lib_a-reallocr.o)
                0x000000000800b6d0                _realloc_r
 .text.lflush   0x000000000800ba18       0x12 c:/st/stm32cubeide_1.10.1/stm32cubeide/plugins/com.st.stm32cube.ide.mcu.externaltools.gnu-tools-for-stm32.10.3-2021.10.win32_1.0.0.202111181127/tools/bin/../lib/gcc/arm-none-eabi/10.3.1/../../../../arm-none-eabi/lib/thumb/v7e-m+dp/hard\libc.a(lib_a-refill.o)
 *fill*         0x000000000800ba2a        0x2 
 .text.__srefill_r
                0x000000000800ba2c      0x104 c:/st/stm32cubeide_1.10.1/stm32cubeide/plugins/com.st.stm32cube.ide.mcu.externaltools.gnu-tools-for-stm32.10.3-2021.10.win32_1.0.0.202111181127/tools/bin/../lib/gcc/arm-none-eabi/10.3.1/../../../../arm-none-eabi/lib/thumb/v7e-m+dp/hard\libc.a(lib_a-refill.o)
                0x000000000800ba2c                __srefill_r
 .text.frexp    0x000000000800bb30       0x70 c:/st/stm32cubeide_1.10.1/stm32cubeide/plugins/com.st.stm32cube.ide.mcu.externaltools.gnu-tools-for-stm32.10.3-2021.10.win32_1.0.0.202111181127/tools/bin/../lib/gcc/arm-none-eabi/10.3.1/../../../../arm-none-eabi/lib/thumb/v7e-m+dp/hard\libc.a(lib_a-s_frexp.o)
                0x000000000800bb30                frexp
 .text._sbrk_r  0x000000000800bba0       0x20 c:/st/stm32cubeide_1.10.1/stm32cubeide/plugins/com.st.stm32cube.ide.mcu.externaltools.gnu-tools-for-stm32.10.3-2021.10.win32_1.0.0.202111181127/tools/bin/../lib/gcc/arm-none-eabi/10.3.1/../../../../arm-none-eabi/lib/thumb/v7e-m+dp/hard\libc.a(lib_a-sbrkr.o)
                0x000000000800bba0                _sbrk_r
 .text.__sccl   0x000000000800bbc0       0x70 c:/st/stm32cubeide_1.10.1/stm32cubeide/plugins/com.st.stm32cube.ide.mcu.externaltools.gnu-tools-for-stm32.10.3-2021.10.win32_1.0.0.202111181127/tools/bin/../lib/gcc/arm-none-eabi/10.3.1/../../../../arm-none-eabi/lib/thumb/v7e-m+dp/hard\libc.a(lib_a-sccl.o)
                0x000000000800bbc0                __sccl
 .text.nanf     0x000000000800bc30        0xc c:/st/stm32cubeide_1.10.1/stm32cubeide/plugins/com.st.stm32cube.ide.mcu.externaltools.gnu-tools-for-stm32.10.3-2021.10.win32_1.0.0.202111181127/tools/bin/../lib/gcc/arm-none-eabi/10.3.1/../../../../arm-none-eabi/lib/thumb/v7e-m+dp/hard\libc.a(lib_a-sf_nan.o)
                0x000000000800bc30                nanf
 .text.sprintf  0x000000000800bc3c       0x40 c:/st/stm32cubeide_1.10.1/stm32cubeide/plugins/com.st.stm32cube.ide.mcu.externaltools.gnu-tools-for-stm32.10.3-2021.10.win32_1.0.0.202111181127/tools/bin/../lib/gcc/arm-none-eabi/10.3.1/../../../../arm-none-eabi/lib/thumb/v7e-m+dp/hard\libc.a(lib_a-sprintf.o)
                0x000000000800bc3c                sprintf
 .text.__sread  0x000000000800bc7c       0x22 c:/st/stm32cubeide_1.10.1/stm32cubeide/plugins/com.st.stm32cube.ide.mcu.externaltools.gnu-tools-for-stm32.10.3-2021.10.win32_1.0.0.202111181127/tools/bin/../lib/gcc/arm-none-eabi/10.3.1/../../../../arm-none-eabi/lib/thumb/v7e-m+dp/hard\libc.a(lib_a-stdio.o)
                0x000000000800bc7c                __sread
 .text.__swrite
                0x000000000800bc9e       0x38 c:/st/stm32cubeide_1.10.1/stm32cubeide/plugins/com.st.stm32cube.ide.mcu.externaltools.gnu-tools-for-stm32.10.3-2021.10.win32_1.0.0.202111181127/tools/bin/../lib/gcc/arm-none-eabi/10.3.1/../../../../arm-none-eabi/lib/thumb/v7e-m+dp/hard\libc.a(lib_a-stdio.o)
                0x000000000800bc9e                __swrite
 .text.__sseek  0x000000000800bcd6       0x24 c:/st/stm32cubeide_1.10.1/stm32cubeide/plugins/com.st.stm32cube.ide.mcu.externaltools.gnu-tools-for-stm32.10.3-2021.10.win32_1.0.0.202111181127/tools/bin/../lib/gcc/arm-none-eabi/10.3.1/../../../../arm-none-eabi/lib/thumb/v7e-m+dp/hard\libc.a(lib_a-stdio.o)
                0x000000000800bcd6                __sseek
 .text.__sclose
                0x000000000800bcfa        0x8 c:/st/stm32cubeide_1.10.1/stm32cubeide/plugins/com.st.stm32cube.ide.mcu.externaltools.gnu-tools-for-stm32.10.3-2021.10.win32_1.0.0.202111181127/tools/bin/../lib/gcc/arm-none-eabi/10.3.1/../../../../arm-none-eabi/lib/thumb/v7e-m+dp/hard\libc.a(lib_a-stdio.o)
                0x000000000800bcfa                __sclose
 .text.strncpy  0x000000000800bd02       0x26 c:/st/stm32cubeide_1.10.1/stm32cubeide/plugins/com.st.stm32cube.ide.mcu.externaltools.gnu-tools-for-stm32.10.3-2021.10.win32_1.0.0.202111181127/tools/bin/../lib/gcc/arm-none-eabi/10.3.1/../../../../arm-none-eabi/lib/thumb/v7e-m+dp/hard\libc.a(lib_a-strncpy.o)
                0x000000000800bd02                strncpy
 .text.sulp     0x000000000800bd28       0x34 c:/st/stm32cubeide_1.10.1/stm32cubeide/plugins/com.st.stm32cube.ide.mcu.externaltools.gnu-tools-for-stm32.10.3-2021.10.win32_1.0.0.202111181127/tools/bin/../lib/gcc/arm-none-eabi/10.3.1/../../../../arm-none-eabi/lib/thumb/v7e-m+dp/hard\libc.a(lib_a-strtod.o)
 *fill*         0x000000000800bd5c        0x4 
 .text._strtod_l
                0x000000000800bd60      0xb6c c:/st/stm32cubeide_1.10.1/stm32cubeide/plugins/com.st.stm32cube.ide.mcu.externaltools.gnu-tools-for-stm32.10.3-2021.10.win32_1.0.0.202111181127/tools/bin/../lib/gcc/arm-none-eabi/10.3.1/../../../../arm-none-eabi/lib/thumb/v7e-m+dp/hard\libc.a(lib_a-strtod.o)
                0x000000000800bd60                _strtod_l
 .text._strtod_r
                0x000000000800c8cc        0xc c:/st/stm32cubeide_1.10.1/stm32cubeide/plugins/com.st.stm32cube.ide.mcu.externaltools.gnu-tools-for-stm32.10.3-2021.10.win32_1.0.0.202111181127/tools/bin/../lib/gcc/arm-none-eabi/10.3.1/../../../../arm-none-eabi/lib/thumb/v7e-m+dp/hard\libc.a(lib_a-strtod.o)
                0x000000000800c8cc                _strtod_r
 .text._strtoll_l.constprop.0
                0x000000000800c8d8      0x12c c:/st/stm32cubeide_1.10.1/stm32cubeide/plugins/com.st.stm32cube.ide.mcu.externaltools.gnu-tools-for-stm32.10.3-2021.10.win32_1.0.0.202111181127/tools/bin/../lib/gcc/arm-none-eabi/10.3.1/../../../../arm-none-eabi/lib/thumb/v7e-m+dp/hard\libc.a(lib_a-strtoll.o)
 .text._strtoll_r
                0x000000000800ca04        0x4 c:/st/stm32cubeide_1.10.1/stm32cubeide/plugins/com.st.stm32cube.ide.mcu.externaltools.gnu-tools-for-stm32.10.3-2021.10.win32_1.0.0.202111181127/tools/bin/../lib/gcc/arm-none-eabi/10.3.1/../../../../arm-none-eabi/lib/thumb/v7e-m+dp/hard\libc.a(lib_a-strtoll.o)
                0x000000000800ca04                _strtoll_r
 .text._strtoul_l.constprop.0
                0x000000000800ca08       0xe4 c:/st/stm32cubeide_1.10.1/stm32cubeide/plugins/com.st.stm32cube.ide.mcu.externaltools.gnu-tools-for-stm32.10.3-2021.10.win32_1.0.0.202111181127/tools/bin/../lib/gcc/arm-none-eabi/10.3.1/../../../../arm-none-eabi/lib/thumb/v7e-m+dp/hard\libc.a(lib_a-strtoul.o)
 .text._strtoul_r
                0x000000000800caec        0x4 c:/st/stm32cubeide_1.10.1/stm32cubeide/plugins/com.st.stm32cube.ide.mcu.externaltools.gnu-tools-for-stm32.10.3-2021.10.win32_1.0.0.202111181127/tools/bin/../lib/gcc/arm-none-eabi/10.3.1/../../../../arm-none-eabi/lib/thumb/v7e-m+dp/hard\libc.a(lib_a-strtoul.o)
                0x000000000800caec                _strtoul_r
 .text._strtoull_l.constprop.0
                0x000000000800caf0      0x130 c:/st/stm32cubeide_1.10.1/stm32cubeide/plugins/com.st.stm32cube.ide.mcu.externaltools.gnu-tools-for-stm32.10.3-2021.10.win32_1.0.0.202111181127/tools/bin/../lib/gcc/arm-none-eabi/10.3.1/../../../../arm-none-eabi/lib/thumb/v7e-m+dp/hard\libc.a(lib_a-strtoull.o)
 .text._strtoull_r
                0x000000000800cc20        0x4 c:/st/stm32cubeide_1.10.1/stm32cubeide/plugins/com.st.stm32cube.ide.mcu.externaltools.gnu-tools-for-stm32.10.3-2021.10.win32_1.0.0.202111181127/tools/bin/../lib/gcc/arm-none-eabi/10.3.1/../../../../arm-none-eabi/lib/thumb/v7e-m+dp/hard\libc.a(lib_a-strtoull.o)
                0x000000000800cc20                _strtoull_r
 *fill*         0x000000000800cc24        0x4 
 .text._svfprintf_r
                0x000000000800cc28     0x139c c:/st/stm32cubeide_1.10.1/stm32cubeide/plugins/com.st.stm32cube.ide.mcu.externaltools.gnu-tools-for-stm32.10.3-2021.10.win32_1.0.0.202111181127/tools/bin/../lib/gcc/arm-none-eabi/10.3.1/../../../../arm-none-eabi/lib/thumb/v7e-m+dp/hard\libc.a(lib_a-svfprintf.o)
                0x000000000800cc28                _svfprintf_r
 .text.sysconf  0x000000000800dfc4       0x1a c:/st/stm32cubeide_1.10.1/stm32cubeide/plugins/com.st.stm32cube.ide.mcu.externaltools.gnu-tools-for-stm32.10.3-2021.10.win32_1.0.0.202111181127/tools/bin/../lib/gcc/arm-none-eabi/10.3.1/../../../../arm-none-eabi/lib/thumb/v7e-m+dp/hard\libc.a(lib_a-sysconf.o)
                0x000000000800dfc4                sysconf
 .text.__submore
                0x000000000800dfde       0x74 c:/st/stm32cubeide_1.10.1/stm32cubeide/plugins/com.st.stm32cube.ide.mcu.externaltools.gnu-tools-for-stm32.10.3-2021.10.win32_1.0.0.202111181127/tools/bin/../lib/gcc/arm-none-eabi/10.3.1/../../../../arm-none-eabi/lib/thumb/v7e-m+dp/hard\libc.a(lib_a-ungetc.o)
                0x000000000800dfde                __submore
 .text._ungetc_r
                0x000000000800e052      0x11e c:/st/stm32cubeide_1.10.1/stm32cubeide/plugins/com.st.stm32cube.ide.mcu.externaltools.gnu-tools-for-stm32.10.3-2021.10.win32_1.0.0.202111181127/tools/bin/../lib/gcc/arm-none-eabi/10.3.1/../../../../arm-none-eabi/lib/thumb/v7e-m+dp/hard\libc.a(lib_a-ungetc.o)
                0x000000000800e052                _ungetc_r
 .text.__sprint_r
                0x000000000800e170       0x64 c:/st/stm32cubeide_1.10.1/stm32cubeide/plugins/com.st.stm32cube.ide.mcu.externaltools.gnu-tools-for-stm32.10.3-2021.10.win32_1.0.0.202111181127/tools/bin/../lib/gcc/arm-none-eabi/10.3.1/../../../../arm-none-eabi/lib/thumb/v7e-m+dp/hard\libc.a(lib_a-vfiprintf.o)
                0x000000000800e170                __sprint_r
 .text._vfiprintf_r
                0x000000000800e1d4      0x92c c:/st/stm32cubeide_1.10.1/stm32cubeide/plugins/com.st.stm32cube.ide.mcu.externaltools.gnu-tools-for-stm32.10.3-2021.10.win32_1.0.0.202111181127/tools/bin/../lib/gcc/arm-none-eabi/10.3.1/../../../../arm-none-eabi/lib/thumb/v7e-m+dp/hard\libc.a(lib_a-vfiprintf.o)
                0x000000000800e1d4                _vfiprintf_r
 .text.__sbprintf
                0x000000000800eb00       0x80 c:/st/stm32cubeide_1.10.1/stm32cubeide/plugins/com.st.stm32cube.ide.mcu.externaltools.gnu-tools-for-stm32.10.3-2021.10.win32_1.0.0.202111181127/tools/bin/../lib/gcc/arm-none-eabi/10.3.1/../../../../arm-none-eabi/lib/thumb/v7e-m+dp/hard\libc.a(lib_a-vfiprintf.o)
 .text.__ascii_wctomb
                0x000000000800eb80       0x1a c:/st/stm32cubeide_1.10.1/stm32cubeide/plugins/com.st.stm32cube.ide.mcu.externaltools.gnu-tools-for-stm32.10.3-2021.10.win32_1.0.0.202111181127/tools/bin/../lib/gcc/arm-none-eabi/10.3.1/../../../../arm-none-eabi/lib/thumb/v7e-m+dp/hard\libc.a(lib_a-wctomb_r.o)
                0x000000000800eb80                __ascii_wctomb
 *fill*         0x000000000800eb9a        0x2 
 .text._write_r
                0x000000000800eb9c       0x24 c:/st/stm32cubeide_1.10.1/stm32cubeide/plugins/com.st.stm32cube.ide.mcu.externaltools.gnu-tools-for-stm32.10.3-2021.10.win32_1.0.0.202111181127/tools/bin/../lib/gcc/arm-none-eabi/10.3.1/../../../../arm-none-eabi/lib/thumb/v7e-m+dp/hard\libc.a(lib_a-writer.o)
                0x000000000800eb9c                _write_r
 .text.__register_exitproc
                0x000000000800ebc0       0x84 c:/st/stm32cubeide_1.10.1/stm32cubeide/plugins/com.st.stm32cube.ide.mcu.externaltools.gnu-tools-for-stm32.10.3-2021.10.win32_1.0.0.202111181127/tools/bin/../lib/gcc/arm-none-eabi/10.3.1/../../../../arm-none-eabi/lib/thumb/v7e-m+dp/hard\libc.a(lib_a-__atexit.o)
                0x000000000800ebc0                __register_exitproc
 .text.__assert_func
                0x000000000800ec44       0x3c c:/st/stm32cubeide_1.10.1/stm32cubeide/plugins/com.st.stm32cube.ide.mcu.externaltools.gnu-tools-for-stm32.10.3-2021.10.win32_1.0.0.202111181127/tools/bin/../lib/gcc/arm-none-eabi/10.3.1/../../../../arm-none-eabi/lib/thumb/v7e-m+dp/hard\libc.a(lib_a-assert.o)
                0x000000000800ec44                __assert_func
 .text._calloc_r
                0x000000000800ec80       0x6a c:/st/stm32cubeide_1.10.1/stm32cubeide/plugins/com.st.stm32cube.ide.mcu.externaltools.gnu-tools-for-stm32.10.3-2021.10.win32_1.0.0.202111181127/tools/bin/../lib/gcc/arm-none-eabi/10.3.1/../../../../arm-none-eabi/lib/thumb/v7e-m+dp/hard\libc.a(lib_a-callocr.o)
                0x000000000800ec80                _calloc_r
 *fill*         0x000000000800ecea        0x2 
 .text._close_r
                0x000000000800ecec       0x20 c:/st/stm32cubeide_1.10.1/stm32cubeide/plugins/com.st.stm32cube.ide.mcu.externaltools.gnu-tools-for-stm32.10.3-2021.10.win32_1.0.0.202111181127/tools/bin/../lib/gcc/arm-none-eabi/10.3.1/../../../../arm-none-eabi/lib/thumb/v7e-m+dp/hard\libc.a(lib_a-closer.o)
                0x000000000800ecec                _close_r
 .text._fclose_r
                0x000000000800ed0c       0xae c:/st/stm32cubeide_1.10.1/stm32cubeide/plugins/com.st.stm32cube.ide.mcu.externaltools.gnu-tools-for-stm32.10.3-2021.10.win32_1.0.0.202111181127/tools/bin/../lib/gcc/arm-none-eabi/10.3.1/../../../../arm-none-eabi/lib/thumb/v7e-m+dp/hard\libc.a(lib_a-fclose.o)
                0x000000000800ed0c                _fclose_r
 *fill*         0x000000000800edba        0x2 
 .text.fiprintf
                0x000000000800edbc       0x24 c:/st/stm32cubeide_1.10.1/stm32cubeide/plugins/com.st.stm32cube.ide.mcu.externaltools.gnu-tools-for-stm32.10.3-2021.10.win32_1.0.0.202111181127/tools/bin/../lib/gcc/arm-none-eabi/10.3.1/../../../../arm-none-eabi/lib/thumb/v7e-m+dp/hard\libc.a(lib_a-fiprintf.o)
                0x000000000800edbc                fiprintf
 .text.__fputwc
                0x000000000800ede0       0x82 c:/st/stm32cubeide_1.10.1/stm32cubeide/plugins/com.st.stm32cube.ide.mcu.externaltools.gnu-tools-for-stm32.10.3-2021.10.win32_1.0.0.202111181127/tools/bin/../lib/gcc/arm-none-eabi/10.3.1/../../../../arm-none-eabi/lib/thumb/v7e-m+dp/hard\libc.a(lib_a-fputwc.o)
                0x000000000800ede0                __fputwc
 .text._fputwc_r
                0x000000000800ee62       0x54 c:/st/stm32cubeide_1.10.1/stm32cubeide/plugins/com.st.stm32cube.ide.mcu.externaltools.gnu-tools-for-stm32.10.3-2021.10.win32_1.0.0.202111181127/tools/bin/../lib/gcc/arm-none-eabi/10.3.1/../../../../arm-none-eabi/lib/thumb/v7e-m+dp/hard\libc.a(lib_a-fputwc.o)
                0x000000000800ee62                _fputwc_r
 *fill*         0x000000000800eeb6        0x2 
 .text._fstat_r
                0x000000000800eeb8       0x24 c:/st/stm32cubeide_1.10.1/stm32cubeide/plugins/com.st.stm32cube.ide.mcu.externaltools.gnu-tools-for-stm32.10.3-2021.10.win32_1.0.0.202111181127/tools/bin/../lib/gcc/arm-none-eabi/10.3.1/../../../../arm-none-eabi/lib/thumb/v7e-m+dp/hard\libc.a(lib_a-fstatr.o)
                0x000000000800eeb8                _fstat_r
 .text.rshift   0x000000000800eedc       0xa4 c:/st/stm32cubeide_1.10.1/stm32cubeide/plugins/com.st.stm32cube.ide.mcu.externaltools.gnu-tools-for-stm32.10.3-2021.10.win32_1.0.0.202111181127/tools/bin/../lib/gcc/arm-none-eabi/10.3.1/../../../../arm-none-eabi/lib/thumb/v7e-m+dp/hard\libc.a(lib_a-gdtoa-gethex.o)
 .text.__hexdig_fun
                0x000000000800ef80       0x2a c:/st/stm32cubeide_1.10.1/stm32cubeide/plugins/com.st.stm32cube.ide.mcu.externaltools.gnu-tools-for-stm32.10.3-2021.10.win32_1.0.0.202111181127/tools/bin/../lib/gcc/arm-none-eabi/10.3.1/../../../../arm-none-eabi/lib/thumb/v7e-m+dp/hard\libc.a(lib_a-gdtoa-gethex.o)
                0x000000000800ef80                __hexdig_fun
 *fill*         0x000000000800efaa        0x2 
 .text.__gethex
                0x000000000800efac      0x48c c:/st/stm32cubeide_1.10.1/stm32cubeide/plugins/com.st.stm32cube.ide.mcu.externaltools.gnu-tools-for-stm32.10.3-2021.10.win32_1.0.0.202111181127/tools/bin/../lib/gcc/arm-none-eabi/10.3.1/../../../../arm-none-eabi/lib/thumb/v7e-m+dp/hard\libc.a(lib_a-gdtoa-gethex.o)
                0x000000000800efac                __gethex
 .text.L_shift  0x000000000800f438       0x24 c:/st/stm32cubeide_1.10.1/stm32cubeide/plugins/com.st.stm32cube.ide.mcu.externaltools.gnu-tools-for-stm32.10.3-2021.10.win32_1.0.0.202111181127/tools/bin/../lib/gcc/arm-none-eabi/10.3.1/../../../../arm-none-eabi/lib/thumb/v7e-m+dp/hard\libc.a(lib_a-gdtoa-hexnan.o)
 .text.__match  0x000000000800f45c       0x28 c:/st/stm32cubeide_1.10.1/stm32cubeide/plugins/com.st.stm32cube.ide.mcu.externaltools.gnu-tools-for-stm32.10.3-2021.10.win32_1.0.0.202111181127/tools/bin/../lib/gcc/arm-none-eabi/10.3.1/../../../../arm-none-eabi/lib/thumb/v7e-m+dp/hard\libc.a(lib_a-gdtoa-hexnan.o)
                0x000000000800f45c                __match
 .text.__hexnan
                0x000000000800f484      0x138 c:/st/stm32cubeide_1.10.1/stm32cubeide/plugins/com.st.stm32cube.ide.mcu.externaltools.gnu-tools-for-stm32.10.3-2021.10.win32_1.0.0.202111181127/tools/bin/../lib/gcc/arm-none-eabi/10.3.1/../../../../arm-none-eabi/lib/thumb/v7e-m+dp/hard\libc.a(lib_a-gdtoa-hexnan.o)
                0x000000000800f484                __hexnan
 .text._isatty_r
                0x000000000800f5bc       0x20 c:/st/stm32cubeide_1.10.1/stm32cubeide/plugins/com.st.stm32cube.ide.mcu.externaltools.gnu-tools-for-stm32.10.3-2021.10.win32_1.0.0.202111181127/tools/bin/../lib/gcc/arm-none-eabi/10.3.1/../../../../arm-none-eabi/lib/thumb/v7e-m+dp/hard\libc.a(lib_a-isattyr.o)
                0x000000000800f5bc                _isatty_r
 .text._lseek_r
                0x000000000800f5dc       0x24 c:/st/stm32cubeide_1.10.1/stm32cubeide/plugins/com.st.stm32cube.ide.mcu.externaltools.gnu-tools-for-stm32.10.3-2021.10.win32_1.0.0.202111181127/tools/bin/../lib/gcc/arm-none-eabi/10.3.1/../../../../arm-none-eabi/lib/thumb/v7e-m+dp/hard\libc.a(lib_a-lseekr.o)
                0x000000000800f5dc                _lseek_r
 .text._read_r  0x000000000800f600       0x24 c:/st/stm32cubeide_1.10.1/stm32cubeide/plugins/com.st.stm32cube.ide.mcu.externaltools.gnu-tools-for-stm32.10.3-2021.10.win32_1.0.0.202111181127/tools/bin/../lib/gcc/arm-none-eabi/10.3.1/../../../../arm-none-eabi/lib/thumb/v7e-m+dp/hard\libc.a(lib_a-readr.o)
                0x000000000800f600                _read_r
 *fill*         0x000000000800f624        0x4 
 .text.nan      0x000000000800f628       0x10 c:/st/stm32cubeide_1.10.1/stm32cubeide/plugins/com.st.stm32cube.ide.mcu.externaltools.gnu-tools-for-stm32.10.3-2021.10.win32_1.0.0.202111181127/tools/bin/../lib/gcc/arm-none-eabi/10.3.1/../../../../arm-none-eabi/lib/thumb/v7e-m+dp/hard\libc.a(lib_a-s_nan.o)
                0x000000000800f628                nan
 .text.strncmp  0x000000000800f638       0x28 c:/st/stm32cubeide_1.10.1/stm32cubeide/plugins/com.st.stm32cube.ide.mcu.externaltools.gnu-tools-for-stm32.10.3-2021.10.win32_1.0.0.202111181127/tools/bin/../lib/gcc/arm-none-eabi/10.3.1/../../../../arm-none-eabi/lib/thumb/v7e-m+dp/hard\libc.a(lib_a-strncmp.o)
                0x000000000800f638                strncmp
 .text.__ssprint_r
                0x000000000800f660       0xf6 c:/st/stm32cubeide_1.10.1/stm32cubeide/plugins/com.st.stm32cube.ide.mcu.externaltools.gnu-tools-for-stm32.10.3-2021.10.win32_1.0.0.202111181127/tools/bin/../lib/gcc/arm-none-eabi/10.3.1/../../../../arm-none-eabi/lib/thumb/v7e-m+dp/hard\libc.a(lib_a-svfiprintf.o)
                0x000000000800f660                __ssprint_r
 .text.__swbuf_r
                0x000000000800f756       0x92 c:/st/stm32cubeide_1.10.1/stm32cubeide/plugins/com.st.stm32cube.ide.mcu.externaltools.gnu-tools-for-stm32.10.3-2021.10.win32_1.0.0.202111181127/tools/bin/../lib/gcc/arm-none-eabi/10.3.1/../../../../arm-none-eabi/lib/thumb/v7e-m+dp/hard\libc.a(lib_a-wbuf.o)
                0x000000000800f756                __swbuf_r
 .text._wcrtomb_r
                0x000000000800f7e8       0x2c c:/st/stm32cubeide_1.10.1/stm32cubeide/plugins/com.st.stm32cube.ide.mcu.externaltools.gnu-tools-for-stm32.10.3-2021.10.win32_1.0.0.202111181127/tools/bin/../lib/gcc/arm-none-eabi/10.3.1/../../../../arm-none-eabi/lib/thumb/v7e-m+dp/hard\libc.a(lib_a-wcrtomb.o)
                0x000000000800f7e8                _wcrtomb_r
 .text.abort    0x000000000800f814        0xe c:/st/stm32cubeide_1.10.1/stm32cubeide/plugins/com.st.stm32cube.ide.mcu.externaltools.gnu-tools-for-stm32.10.3-2021.10.win32_1.0.0.202111181127/tools/bin/../lib/gcc/arm-none-eabi/10.3.1/../../../../arm-none-eabi/lib/thumb/v7e-m+dp/hard\libc.a(lib_a-abort.o)
                0x000000000800f814                abort
 .text._raise_r
                0x000000000800f822       0x52 c:/st/stm32cubeide_1.10.1/stm32cubeide/plugins/com.st.stm32cube.ide.mcu.externaltools.gnu-tools-for-stm32.10.3-2021.10.win32_1.0.0.202111181127/tools/bin/../lib/gcc/arm-none-eabi/10.3.1/../../../../arm-none-eabi/lib/thumb/v7e-m+dp/hard\libc.a(lib_a-signal.o)
                0x000000000800f822                _raise_r
 .text.raise    0x000000000800f874       0x10 c:/st/stm32cubeide_1.10.1/stm32cubeide/plugins/com.st.stm32cube.ide.mcu.externaltools.gnu-tools-for-stm32.10.3-2021.10.win32_1.0.0.202111181127/tools/bin/../lib/gcc/arm-none-eabi/10.3.1/../../../../arm-none-eabi/lib/thumb/v7e-m+dp/hard\libc.a(lib_a-signal.o)
                0x000000000800f874                raise
 .text._kill_r  0x000000000800f884       0x24 c:/st/stm32cubeide_1.10.1/stm32cubeide/plugins/com.st.stm32cube.ide.mcu.externaltools.gnu-tools-for-stm32.10.3-2021.10.win32_1.0.0.202111181127/tools/bin/../lib/gcc/arm-none-eabi/10.3.1/../../../../arm-none-eabi/lib/thumb/v7e-m+dp/hard\libc.a(lib_a-signalr.o)
                0x000000000800f884                _kill_r
 .text._getpid_r
                0x000000000800f8a8        0x4 c:/st/stm32cubeide_1.10.1/stm32cubeide/plugins/com.st.stm32cube.ide.mcu.externaltools.gnu-tools-for-stm32.10.3-2021.10.win32_1.0.0.202111181127/tools/bin/../lib/gcc/arm-none-eabi/10.3.1/../../../../arm-none-eabi/lib/thumb/v7e-m+dp/hard\libc.a(lib_a-signalr.o)
                0x000000000800f8a8                _getpid_r
 .text.checkint
                0x000000000800f8ac       0x68 c:/st/stm32cubeide_1.10.1/stm32cubeide/plugins/com.st.stm32cube.ide.mcu.externaltools.gnu-tools-for-stm32.10.3-2021.10.win32_1.0.0.202111181127/tools/bin/../lib/gcc/arm-none-eabi/10.3.1/../../../../arm-none-eabi/lib/thumb/v7e-m+dp/hard\libm.a(lib_a-pow.o)
 *fill*         0x000000000800f914        0x4 
 .text.pow      0x000000000800f918      0x4a4 c:/st/stm32cubeide_1.10.1/stm32cubeide/plugins/com.st.stm32cube.ide.mcu.externaltools.gnu-tools-for-stm32.10.3-2021.10.win32_1.0.0.202111181127/tools/bin/../lib/gcc/arm-none-eabi/10.3.1/../../../../arm-none-eabi/lib/thumb/v7e-m+dp/hard\libm.a(lib_a-pow.o)
                0x000000000800f918                pow
 .text.with_errno
                0x000000000800fdbc       0x16 c:/st/stm32cubeide_1.10.1/stm32cubeide/plugins/com.st.stm32cube.ide.mcu.externaltools.gnu-tools-for-stm32.10.3-2021.10.win32_1.0.0.202111181127/tools/bin/../lib/gcc/arm-none-eabi/10.3.1/../../../../arm-none-eabi/lib/thumb/v7e-m+dp/hard\libm.a(lib_a-math_err.o)
 .text.xflow    0x000000000800fdd2       0x22 c:/st/stm32cubeide_1.10.1/stm32cubeide/plugins/com.st.stm32cube.ide.mcu.externaltools.gnu-tools-for-stm32.10.3-2021.10.win32_1.0.0.202111181127/tools/bin/../lib/gcc/arm-none-eabi/10.3.1/../../../../arm-none-eabi/lib/thumb/v7e-m+dp/hard\libm.a(lib_a-math_err.o)
 *fill*         0x000000000800fdf4        0x4 
 .text.__math_uflow
                0x000000000800fdf8       0x10 c:/st/stm32cubeide_1.10.1/stm32cubeide/plugins/com.st.stm32cube.ide.mcu.externaltools.gnu-tools-for-stm32.10.3-2021.10.win32_1.0.0.202111181127/tools/bin/../lib/gcc/arm-none-eabi/10.3.1/../../../../arm-none-eabi/lib/thumb/v7e-m+dp/hard\libm.a(lib_a-math_err.o)
                0x000000000800fdf8                __math_uflow
 .text.__math_oflow
                0x000000000800fe08       0x10 c:/st/stm32cubeide_1.10.1/stm32cubeide/plugins/com.st.stm32cube.ide.mcu.externaltools.gnu-tools-for-stm32.10.3-2021.10.win32_1.0.0.202111181127/tools/bin/../lib/gcc/arm-none-eabi/10.3.1/../../../../arm-none-eabi/lib/thumb/v7e-m+dp/hard\libm.a(lib_a-math_err.o)
                0x000000000800fe08                __math_oflow
 .text.__math_divzero
                0x000000000800fe18       0x30 c:/st/stm32cubeide_1.10.1/stm32cubeide/plugins/com.st.stm32cube.ide.mcu.externaltools.gnu-tools-for-stm32.10.3-2021.10.win32_1.0.0.202111181127/tools/bin/../lib/gcc/arm-none-eabi/10.3.1/../../../../arm-none-eabi/lib/thumb/v7e-m+dp/hard\libm.a(lib_a-math_err.o)
                0x000000000800fe18                __math_divzero
 .text.__math_invalid
                0x000000000800fe48       0x1e c:/st/stm32cubeide_1.10.1/stm32cubeide/plugins/com.st.stm32cube.ide.mcu.externaltools.gnu-tools-for-stm32.10.3-2021.10.win32_1.0.0.202111181127/tools/bin/../lib/gcc/arm-none-eabi/10.3.1/../../../../arm-none-eabi/lib/thumb/v7e-m+dp/hard\libm.a(lib_a-math_err.o)
                0x000000000800fe48                __math_invalid
 .text.__math_check_uflow
                0x000000000800fe66       0x12 c:/st/stm32cubeide_1.10.1/stm32cubeide/plugins/com.st.stm32cube.ide.mcu.externaltools.gnu-tools-for-stm32.10.3-2021.10.win32_1.0.0.202111181127/tools/bin/../lib/gcc/arm-none-eabi/10.3.1/../../../../arm-none-eabi/lib/thumb/v7e-m+dp/hard\libm.a(lib_a-math_err.o)
                0x000000000800fe66                __math_check_uflow
 .text.__math_check_oflow
                0x000000000800fe78       0x28 c:/st/stm32cubeide_1.10.1/stm32cubeide/plugins/com.st.stm32cube.ide.mcu.externaltools.gnu-tools-for-stm32.10.3-2021.10.win32_1.0.0.202111181127/tools/bin/../lib/gcc/arm-none-eabi/10.3.1/../../../../arm-none-eabi/lib/thumb/v7e-m+dp/hard\libm.a(lib_a-math_err.o)
                0x000000000800fe78                __math_check_oflow
 .text._getpid  0x000000000800fea0       0x10 c:/st/stm32cubeide_1.10.1/stm32cubeide/plugins/com.st.stm32cube.ide.mcu.externaltools.gnu-tools-for-stm32.10.3-2021.10.win32_1.0.0.202111181127/tools/bin/../lib/gcc/arm-none-eabi/10.3.1/../../../../arm-none-eabi/lib/thumb/v7e-m+dp/hard\libnosys.a(getpid.o)
                0x000000000800fea0                _getpid
 .text._kill    0x000000000800feb0       0x10 c:/st/stm32cubeide_1.10.1/stm32cubeide/plugins/com.st.stm32cube.ide.mcu.externaltools.gnu-tools-for-stm32.10.3-2021.10.win32_1.0.0.202111181127/tools/bin/../lib/gcc/arm-none-eabi/10.3.1/../../../../arm-none-eabi/lib/thumb/v7e-m+dp/hard\libnosys.a(kill.o)
                0x000000000800feb0                _kill
 .text._exit    0x000000000800fec0        0x2 c:/st/stm32cubeide_1.10.1/stm32cubeide/plugins/com.st.stm32cube.ide.mcu.externaltools.gnu-tools-for-stm32.10.3-2021.10.win32_1.0.0.202111181127/tools/bin/../lib/gcc/arm-none-eabi/10.3.1/../../../../arm-none-eabi/lib/thumb/v7e-m+dp/hard\libnosys.a(_exit.o)
                0x000000000800fec0                _exit
 *(.glue_7)
 .glue_7        0x000000000800fec2        0x0 linker stubs
 *(.glue_7t)
 .glue_7t       0x000000000800fec2        0x0 linker stubs
 *(.eh_frame)
 *fill*         0x000000000800fec2        0x2 
 .eh_frame      0x000000000800fec4        0x0 c:/st/stm32cubeide_1.10.1/stm32cubeide/plugins/com.st.stm32cube.ide.mcu.externaltools.gnu-tools-for-stm32.10.3-2021.10.win32_1.0.0.202111181127/tools/bin/../lib/gcc/arm-none-eabi/10.3.1/thumb/v7e-m+dp/hard/crtbegin.o
 *(.init)
 .init          0x000000000800fec4        0x4 c:/st/stm32cubeide_1.10.1/stm32cubeide/plugins/com.st.stm32cube.ide.mcu.externaltools.gnu-tools-for-stm32.10.3-2021.10.win32_1.0.0.202111181127/tools/bin/../lib/gcc/arm-none-eabi/10.3.1/thumb/v7e-m+dp/hard/crti.o
                0x000000000800fec4                _init
 .init          0x000000000800fec8        0x8 c:/st/stm32cubeide_1.10.1/stm32cubeide/plugins/com.st.stm32cube.ide.mcu.externaltools.gnu-tools-for-stm32.10.3-2021.10.win32_1.0.0.202111181127/tools/bin/../lib/gcc/arm-none-eabi/10.3.1/thumb/v7e-m+dp/hard/crtn.o
 *(.fini)
 .fini          0x000000000800fed0        0x4 c:/st/stm32cubeide_1.10.1/stm32cubeide/plugins/com.st.stm32cube.ide.mcu.externaltools.gnu-tools-for-stm32.10.3-2021.10.win32_1.0.0.202111181127/tools/bin/../lib/gcc/arm-none-eabi/10.3.1/thumb/v7e-m+dp/hard/crti.o
                0x000000000800fed0                _fini
 .fini          0x000000000800fed4        0x8 c:/st/stm32cubeide_1.10.1/stm32cubeide/plugins/com.st.stm32cube.ide.mcu.externaltools.gnu-tools-for-stm32.10.3-2021.10.win32_1.0.0.202111181127/tools/bin/../lib/gcc/arm-none-eabi/10.3.1/thumb/v7e-m+dp/hard/crtn.o
                0x000000000800fedc                . = ALIGN (0x4)
                0x000000000800fedc                _etext = .

.vfp11_veneer   0x000000000800fedc        0x0
 .vfp11_veneer  0x000000000800fedc        0x0 linker stubs

.v4_bx          0x000000000800fedc        0x0
 .v4_bx         0x000000000800fedc        0x0 linker stubs

.iplt           0x000000000800fedc        0x0
 .iplt          0x000000000800fedc        0x0 c:/st/stm32cubeide_1.10.1/stm32cubeide/plugins/com.st.stm32cube.ide.mcu.externaltools.gnu-tools-for-stm32.10.3-2021.10.win32_1.0.0.202111181127/tools/bin/../lib/gcc/arm-none-eabi/10.3.1/thumb/v7e-m+dp/hard/crtbegin.o

.rodata         0x000000000800fee0     0x2bd0
                0x000000000800fee0                . = ALIGN (0x4)
 *(.rodata)
 .rodata        0x000000000800fee0      0xa07 ./Core/Src/funciones.o
 *fill*         0x00000000080108e7        0x1 
 .rodata        0x00000000080108e8      0x42d ./Core/Src/main.o
 *(.rodata*)
 .rodata.POINTER_Temp.1
                0x0000000008010d15        0x1 ./Core/Src/main.o
 .rodata.ADDR_W.0
                0x0000000008010d16        0x1 ./Core/Src/main.o
 *fill*         0x0000000008010d17        0x1 
 .rodata.AHBPrescTable
                0x0000000008010d18       0x10 ./Core/Src/system_stm32f7xx.o
                0x0000000008010d18                AHBPrescTable
 .rodata.APBPrescTable
                0x0000000008010d28        0x8 ./Core/Src/system_stm32f7xx.o
                0x0000000008010d28                APBPrescTable
 .rodata._global_impure_ptr