../Core/Src/main.c:67:6:Lfsr	424	static
../Core/Src/main.c:328:6:Temp	48	static
../Core/Src/main.c:389:5:main	224	static
../Core/Src/main.c:652:6:SystemClock_Config	88	static
../Core/Src/main.c:706:13:MX_I2C1_Init	8	static
../Core/Src/main.c:754:13:MX_TIM2_Init	40	static
../Core/Src/main.c:799:13:MX_USART3_UART_Init	8	static
../Core/Src/main.c:834:13:MX_GPIO_Init	48	static
../Core/Src/main.c:863:6:HAL_UART_RxCpltCallback	16	static
../Core/Src/main.c:875:6:Error_Handler	4	static,ignoring_inline_asm
