../Core/Src/main.c:66:6:Lfsr	424	static
../Core/Src/main.c:327:6:Temp	48	static
../Core/Src/main.c:388:5:main	224	static
../Core/Src/main.c:643:6:SystemClock_Config	88	static
../Core/Src/main.c:697:13:MX_I2C1_Init	8	static
../Core/Src/main.c:745:13:MX_TIM2_Init	40	static
../Core/Src/main.c:790:13:MX_USART3_UART_Init	8	static
../Core/Src/main.c:825:13:MX_GPIO_Init	48	static
../Core/Src/main.c:854:6:HAL_UART_RxCpltCallback	16	static
../Core/Src/main.c:866:6:Error_Handler	4	static,ignoring_inline_asm
